Microchip MPLAB XC8 Compiler V2.46

Linker command line:

-W-3 \
  --edf=C:\Program Files\Microchip\xc8\v2.46\pic\dat\20240104201356_en.msgs \
  -cn -h+dist/default/production\at2usbClassic.X.production.sym \
  --cmf=dist/default/production\at2usbClassic.X.production.cmf -z -Q16F1459 \
  -oC:\Users\BOJANS~1\AppData\Local\Temp\xcAsr84.\driver_tmp_3.o \
  --defsym=__MPLAB_BUILD=1 --fixupoverflow=error \
  -Mdist/default/production/at2usbClassic.X.production.map \
  --md=C:\Users\BOJANS~1\AppData\Local\Temp\xcAsr84.\driver_tmp_0.dat -E1 \
  -ver=XC8 Compiler --acfsm=1493 -ACODE=00h-07FFhx4 -ASTRCODE=00h-01FFFh \
  -ASTRING=00h-0FFhx32 -ACONST=00h-0FFhx32 -AENTRY=00h-0FFhx32 \
  -ACOMMON=070h-07Fh -ABANK0=020h-06Fh -ABANK1=0A0h-0EFh \
  -ABANK2=0120h-016Fh -ABANK3=01A0h-01EFh -ABANK4=0220h-026Fh \
  -ABANK5=02A0h-02EFh -ABANK6=0320h-036Fh -ABANK7=03A0h-03EFh \
  -ABANK8=0420h-046Fh -ABANK9=04A0h-04EFh -ABANK10=0520h-056Fh \
  -ABANK11=05A0h-05EFh -ABANK12=0620h-064Fh -ABIGRAM=02000h-023EFh \
  -ARAM=020h-06Fh,0A0h-0EFh,0120h-016Fh,01A0h-01EFh,0220h-026Fh,02A0h-02EFh,0320h-036Fh,03A0h-03EFh,0420h-046Fh,04A0h-04EFh,0520h-056Fh,05A0h-05EFh,0620h-064Fh \
  -AABS1=020h-07Fh,0A0h-0EFh,0120h-016Fh,01A0h-01EFh,0220h-026Fh,02A0h-02EFh,0320h-036Fh,03A0h-03EFh,0420h-046Fh,04A0h-04EFh,0520h-056Fh,05A0h-05EFh,0620h-064Fh \
  -ASFR0=00h-01Fh -ASFR1=080h-09Fh -ASFR2=0100h-011Fh -ASFR3=0180h-019Fh \
  -ASFR4=0200h-021Fh -ASFR5=0280h-029Fh -ASFR6=0300h-031Fh \
  -ASFR7=0380h-039Fh -ASFR8=0400h-041Fh -ASFR9=0480h-049Fh \
  -ASFR10=0500h-051Fh -ASFR11=0580h-059Fh -ASFR12=0600h-061Fh \
  -ASFR13=0680h-06EFh -ASFR14=0700h-076Fh -ASFR15=0780h-07EFh \
  -ASFR16=0800h-086Fh -ASFR17=0880h-08EFh -ASFR18=0900h-096Fh \
  -ASFR19=0980h-09EFh -ASFR20=0A00h-0A6Fh -ASFR21=0A80h-0AEFh \
  -ASFR22=0B00h-0B6Fh -ASFR23=0B80h-0BEFh -ASFR24=0C00h-0C6Fh \
  -ASFR25=0C80h-0CEFh -ASFR26=0D00h-0D6Fh -ASFR27=0D80h-0DEFh \
  -ASFR28=0E00h-0E6Fh -ASFR29=0E80h-0EEFh -ASFR30=0F00h-0F6Fh \
  -ASFR31=0F80h-0FEFh -ACONFIG=08007h-08008h -DCONFIG=2 \
  -AIDLOC=08000h-08003h -DIDLOC=2 -DCODE=2 -DSTRCODE=2 -DSTRING=2 -DCONST=2 \
  -DENTRY=2 -preset_vec=00h,intentry=04h,sivt,init,end_init -ppowerup=CODE \
  -pcinit=CODE -pfunctab=ENTRY -k \
  C:\Users\BOJANS~1\AppData\Local\Temp\xcAsr84.\driver_tmp_17.o \
  dist/default/production\at2usbClassic.X.production.o 

Object code version is 3.11

Machine type is 16F1459



                Name                               Link     Load   Length Selector   Space Scale
C:\Users\BOJANS~1\AppData\Local\Temp\xcAsr84.\driver_tmp_17.o
                end_init                             3D       3D        2        8       0
                reset_vec                             0        0        2        0       0
                config                             8007     8007        2        0       4
dist/default/production\at2usbClassic.X.production.o
                cinit                                3F       3F       40        8       0
                intentry                              4        4       39        8       0
                config                             8007     8007        2        0       4
                text106                            1D6F     1D6F       18     3ADE       0
                text105                            1BE2     1BE2        3     37C4       0
                text104                            1BE1     1BE1        1     37C2       0
                text103                            1BE5     1BE5        3     37CA       0
                text102                            10DF     10DF       3A     21BE       0
                text101                            1E72     1E72       20     3CE4       0
                text100                            1C46     1C46        A     388C       0
                text99                             1D05     1D05       14     3A0A       0
                text98                             1253     1253       45     24A6       0
                text97                             1DE8     1DE8       1B     3BD0       0
                text96                             1F35     1F35       26     3E6A       0
                text95                             165A     165A       68     2CB4       0
                text94                              F46      F46       BA     1E8C       0
                text93                             1084     1084        1     2108       0
                text92                             1C7E     1C7E        D     38FC       0
                text91                             1CBF     1CBF       11     397E       0
                text90                             1085     1085        1     210A       0
                text89                             1C8B     1C8B        D     3916       0
                text88                             1C50     1C50        B     38A0       0
                text87                              800      800        1      9AA       0
                text86                             1C3D     1C3D        9     387A       0
                text85                             1C66     1C66        C     38CC       0
                text84                             158C     158C       67     2B18       0
                text83                                2        2        2        0       0
                text82                             1BEE     1BEE        7     37DC       0
                text81                              9B0      9B0       7B     1360       0
                text80                              853      853       72     10A6       0
                text79                              E93      E93       B3     1D26       0
                text78                             1119     1119       3A     2232       0
                text77                             1190     1190       3F     2320       0
                text76                             1E92     1E92       20     3D24       0
                text75                             1EB2     1EB2       20     3D64       0
                text74                              AA9      AA9       80     1552       0
                text73                             136C     136C       4B     26D8       0
                text72                             1C98     1C98        D     3930       0
                text71                             1CA5     1CA5        D     394A       0
                text70                              A2B      A2B       7E     1456       0
                text69                             1153     1153       3D     22A6       0
                text68                              2B6      2B6      120        8       0
                text67                              937      937       79     126E       0
                text66                             13B7     13B7       55     276E       0
                text65                             1D87     1D87       18     3B0E       0
                text64                              8C5      8C5       72     118A       0
                text63                             172A     172A       6B     2E54       0
                text62                             15F3     15F3       67     2BE6       0
                text61                              CB6      CB6       8E     196C       0
                text60                             1324     1324       48     2648       0
                text59                             12DD     12DD       47     25BA       0
                text58                             1D58     1D58       17     3AB0       0
                text57                             1F13     1F13       22     3E26       0
                text56                             1D9F     1D9F       18     3B3E       0
                text55                             1E55     1E55       1D     3CAA       0
                text54                              D44      D44       A3     1A88       0
                text53                              6C3      6C3       D3      9AA       0
                text51                             1BE8     1BE8        3     37D0       0
                text50                             1CF2     1CF2       13     39E4       0
                text49                             1298     1298       45     2530       0
                text48                             1E03     1E03       1B     3C06       0
                text47                             10A8     10A8       37     2150       0
                text46                             14C8     14C8       62     2990       0
                text45                             1CD0     1CD0       11     39A0       0
                text44                             1F5B     1F5B       26     3EB6       0
                text43                             152A     152A       62     2A54       0
                text42                             1D19     1D19       14     3A32       0
                text41                             16C2     16C2       68     2D84       0
                text40                              5CF      5CF       F4      9AA       0
                text39                             1086     1086       22     210C       0
                text38                              B29      B29       80     1652       0
                text37                             1DB7     1DB7       18     3B6E       0
                text36                               7F       7F      237        8       0
                text35                             1F81     1F81       26     3F02       0
                text34                             1BF5     1BF5        8     37EA       0
                text33                              796      796       6A      9AA       0
                text32                             1E39     1E39       1C     3C72       0
                text31                             1ED2     1ED2       20     3DA4       0
                text30                             1BFD     1BFD        8     37FA       0
                text29                             1C05     1C05        8     380A       0
                text28                             1E1E     1E1E       1B     3C3C       0
                text27                             1C0D     1C0D        8     381A       0
                text26                             1C15     1C15        8     382A       0
                text25                             1C1D     1C1D        8     383A       0
                text24                             1C25     1C25        8     384A       0
                text23                             1C2D     1C2D        8     385A       0
                text22                             11CF     11CF       41     239E       0
                text21                             1CB2     1CB2        D     3964       0
                text20                             1FD0     1FD0       30     3FA0       0
                text19                             1C35     1C35        8     386A       0
                text18                             1CE1     1CE1       11     39C2       0
                text17                             1DCF     1DCF       19     3B9E       0
                text16                              DE7      DE7       AC     1BCE       0
                text15                             1BEB     1BEB        3     37D6       0
                text14                             1D2D     1D2D       15     3A5A       0
                text13                              802      802        3     1004       0
                text12                             1C5B     1C5B        B     38B6       0
                text11                              801      801        1     1002       0
                text10                              805      805       4E     100A       0
                text9                              1467     1467       61     28CE       0
                text8                              140C     140C       5B     2818       0
                text7                              1EF2     1EF2       21     3DE4       0
                text6                              1D42     1D42       16     3A84       0
                text5                              1210     1210       43     2420       0
                text4                              1795     1795       6B     2F2A       0
                text3                               4D5      4D5       FA      9AA       0
                text2                              1FA7     1FA7       29     3F4E       0
                text1                               C2D      C2D       89     185A       0
                maintext                            BA9      BA9       84     1752       0
                cstackBANK0                          50       50       11       50       1
                cstackCOMMON                         70       70        E       70       1
                cstackBANK1                          A8       A8       43       A8       1
                cstackBANK2                         14C      14C       24      121       1
                clrtext                            1C72     1C72        C     38E4       0
                bssBANK4                            220      220       32      220       1
                bssBANK3                            1A0      1A0       45      1A0       1
                bssBANK2                            121      121       2B      121       1
                bssBANK1                             EB       EB        5       A8       1
                bssBANK0                             61       61        F       50       1
                stringtext11                       18CA     18CA        9     3000       0
                nvBANK3                             1E5      1E5        4      1A0       1
                stringtext10                       18D9     18D9        4     3000       0
                stringtext9                        18B8     18B8       12     3000       0
                stringtext8                        189C     189C       1C     3000       0
                stringtext7                        1873     1873       29     3000       0
                stringtext6                        183F     183F       34     3000       0
                stringtext5                        1800     1800       3F     3000       0
                stringtext4                        18DD     18DD        2     3000       0
                stringtext3                        18D3     18D3        6     3000       0
                stringtext2                        1000     1000       84     2000       0
                stringtext1                         3D6      3D6       FF      7AC       0

TOTAL           Name                               Link     Load   Length     Space
        CLASS   CODE           
                end_init                             3D       3D        2         0
                cinit                                3F       3F       40         0
                intentry                              4        4       39         0
                reset_vec                             0        0        2         0
                text106                            1D6F     1D6F       18         0
                text105                            1BE2     1BE2        3         0
                text104                            1BE1     1BE1        1         0
                text103                            1BE5     1BE5        3         0
                text102                            10DF     10DF       3A         0
                text101                            1E72     1E72       20         0
                text100                            1C46     1C46        A         0
                text99                             1D05     1D05       14         0
                text98                             1253     1253       45         0
                text97                             1DE8     1DE8       1B         0
                text96                             1F35     1F35       26         0
                text95                             165A     165A       68         0
                text94                              F46      F46       BA         0
                text93                             1084     1084        1         0
                text92                             1C7E     1C7E        D         0
                text91                             1CBF     1CBF       11         0
                text90                             1085     1085        1         0
                text89                             1C8B     1C8B        D         0
                text88                             1C50     1C50        B         0
                text87                              800      800        1         0
                text86                             1C3D     1C3D        9         0
                text85                             1C66     1C66        C         0
                text84                             158C     158C       67         0
                text83                                2        2        2         0
                text82                             1BEE     1BEE        7         0
                text81                              9B0      9B0       7B         0
                text80                              853      853       72         0
                text79                              E93      E93       B3         0
                text78                             1119     1119       3A         0
                text77                             1190     1190       3F         0
                text76                             1E92     1E92       20         0
                text75                             1EB2     1EB2       20         0
                text74                              AA9      AA9       80         0
                text73                             136C     136C       4B         0
                text72                             1C98     1C98        D         0
                text71                             1CA5     1CA5        D         0
                text70                              A2B      A2B       7E         0
                text69                             1153     1153       3D         0
                text68                              2B6      2B6      120         0
                text67                              937      937       79         0
                text66                             13B7     13B7       55         0
                text65                             1D87     1D87       18         0
                text64                              8C5      8C5       72         0
                text63                             172A     172A       6B         0
                text62                             15F3     15F3       67         0
                text61                              CB6      CB6       8E         0
                text60                             1324     1324       48         0
                text59                             12DD     12DD       47         0
                text58                             1D58     1D58       17         0
                text57                             1F13     1F13       22         0
                text56                             1D9F     1D9F       18         0
                text55                             1E55     1E55       1D         0
                text54                              D44      D44       A3         0
                text53                              6C3      6C3       D3         0
                text51                             1BE8     1BE8        3         0
                text50                             1CF2     1CF2       13         0
                text49                             1298     1298       45         0
                text48                             1E03     1E03       1B         0
                text47                             10A8     10A8       37         0
                text46                             14C8     14C8       62         0
                text45                             1CD0     1CD0       11         0
                text44                             1F5B     1F5B       26         0
                text43                             152A     152A       62         0
                text42                             1D19     1D19       14         0
                text41                             16C2     16C2       68         0
                text40                              5CF      5CF       F4         0
                text39                             1086     1086       22         0
                text38                              B29      B29       80         0
                text37                             1DB7     1DB7       18         0
                text36                               7F       7F      237         0
                text35                             1F81     1F81       26         0
                text34                             1BF5     1BF5        8         0
                text33                              796      796       6A         0
                text32                             1E39     1E39       1C         0
                text31                             1ED2     1ED2       20         0
                text30                             1BFD     1BFD        8         0
                text29                             1C05     1C05        8         0
                text28                             1E1E     1E1E       1B         0
                text27                             1C0D     1C0D        8         0
                text26                             1C15     1C15        8         0
                text25                             1C1D     1C1D        8         0
                text24                             1C25     1C25        8         0
                text23                             1C2D     1C2D        8         0
                text22                             11CF     11CF       41         0
                text21                             1CB2     1CB2        D         0
                text20                             1FD0     1FD0       30         0
                text19                             1C35     1C35        8         0
                text18                             1CE1     1CE1       11         0
                text17                             1DCF     1DCF       19         0
                text16                              DE7      DE7       AC         0
                text15                             1BEB     1BEB        3         0
                text14                             1D2D     1D2D       15         0
                text13                              802      802        3         0
                text12                             1C5B     1C5B        B         0
                text11                              801      801        1         0
                text10                              805      805       4E         0
                text9                              1467     1467       61         0
                text8                              140C     140C       5B         0
                text7                              1EF2     1EF2       21         0
                text6                              1D42     1D42       16         0
                text5                              1210     1210       43         0
                text4                              1795     1795       6B         0
                text3                               4D5      4D5       FA         0
                text2                              1FA7     1FA7       29         0
                text1                               C2D      C2D       89         0
                maintext                            BA9      BA9       84         0
                clrtext                            1C72     1C72        C         0

        CLASS   STRCODE        
                stringtext11                       18CA     18CA        9         0
                stringtext10                       18D9     18D9        4         0
                stringtext9                        18B8     18B8       12         0
                stringtext8                        189C     189C       1C         0
                stringtext7                        1873     1873       29         0
                stringtext6                        183F     183F       34         0
                stringtext5                        1800     1800       3F         0
                stringtext4                        18DD     18DD        2         0
                stringtext3                        18D3     18D3        6         0
                stringtext2                        1000     1000       84         0
                stringtext1                         3D6      3D6       FF         0

        CLASS   STRING         

        CLASS   CONST          

        CLASS   ENTRY          

        CLASS   COMMON         
                cstackCOMMON                         70       70        E         1

        CLASS   BANK0          
                cstackBANK0                          50       50       11         1
                bssBANK0                             61       61        F         1

        CLASS   BANK1          
                cstackBANK1                          A8       A8       43         1
                bssBANK1                             EB       EB        5         1

        CLASS   BANK2          
                cstackBANK2                         14C      14C       24         1
                bssBANK2                            121      121       2B         1

        CLASS   BANK3          
                bssBANK3                            1A0      1A0       45         1
                nvBANK3                             1E5      1E5        4         1

        CLASS   BANK4          
                bssBANK4                            220      220       32         1

        CLASS   BANK5          

        CLASS   BANK6          

        CLASS   BANK7          

        CLASS   BANK8          

        CLASS   BANK9          

        CLASS   BANK10         

        CLASS   BANK11         

        CLASS   BANK12         

        CLASS   BIGRAM         

        CLASS   RAM            

        CLASS   ABS1           
                abs_s1                               20       20       30         1
                abs_s1                               7E       7E        2         1
                abs_s1                               A0       A0        8         1
                abs_s1                              120      120        1         1
                abs_s1                              52D      52D       43         1
                abs_s1                              5A0      5A0       50         1
                abs_s1                              620      620       30         1
                abs_s1                             232D     232D        0         1
                abs_s1                             2391     2391        0         1

        CLASS   SFR0           

        CLASS   SFR1           

        CLASS   SFR2           

        CLASS   SFR3           

        CLASS   SFR4           

        CLASS   SFR5           

        CLASS   SFR6           

        CLASS   SFR7           

        CLASS   SFR8           

        CLASS   SFR9           

        CLASS   SFR10          

        CLASS   SFR11          

        CLASS   SFR12          

        CLASS   SFR13          

        CLASS   SFR14          

        CLASS   SFR15          

        CLASS   SFR16          

        CLASS   SFR17          

        CLASS   SFR18          

        CLASS   SFR19          

        CLASS   SFR20          

        CLASS   SFR21          

        CLASS   SFR22          

        CLASS   SFR23          

        CLASS   SFR24          

        CLASS   SFR25          

        CLASS   SFR26          

        CLASS   SFR27          

        CLASS   SFR28          

        CLASS   SFR29          

        CLASS   SFR30          

        CLASS   SFR31          

        CLASS   CONFIG         
                config                             8007     8007        2         4

        CLASS   IDLOC          

        CLASS   BANK31         

        CLASS   BANK30         

        CLASS   BANK29         

        CLASS   BANK28         

        CLASS   BANK27         

        CLASS   BANK26         

        CLASS   BANK25         

        CLASS   BANK24         

        CLASS   BANK23         

        CLASS   BANK22         

        CLASS   BANK21         

        CLASS   BANK20         

        CLASS   BANK19         

        CLASS   BANK18         

        CLASS   BANK17         

        CLASS   BANK16         

        CLASS   BANK15         

        CLASS   BANK14         

        CLASS   BANK13         

        CLASS   HEAP           

        CLASS   STACK          

        CLASS   EEDATA         



SEGMENTS        Name                           Load    Length   Top    Selector   Space  Class     Delta

                reset_vec                      000000  000004  000004         0       0  CODE        2
                intentry                       000004  0003D2  0003D6         8       0  CODE        2
                cstackBANK0                    000050  000020  000070        50       1  BANK0       1
                cstackCOMMON                   000070  00000E  00007E        70       1  COMMON      1
                cstackBANK1                    0000A8  000048  0000F0        A8       1  BANK1       1
                bssBANK2                       000121  00004F  000170       121       1  BANK2       1
                bssBANK3                       0001A0  000049  0001E9       1A0       1  BANK3       1
                bssBANK4                       000220  000032  000252       220       1  BANK4       1
                stringtext1                    0003D6  0000FF  0004D5       7AC       0  STRCODE     2
                text3                          0004D5  00032C  000801       9AA       0  CODE        2
                text11                         000801  000001  000802      1002       0  CODE        2
                text13                         000802  000003  000805      1004       0  CODE        2
                text10                         000805  00004E  000853      100A       0  CODE        2
                text80                         000853  000072  0008C5      10A6       0  CODE        2
                text64                         0008C5  000072  000937      118A       0  CODE        2
                text67                         000937  000079  0009B0      126E       0  CODE        2
                text81                         0009B0  00007B  000A2B      1360       0  CODE        2
                text70                         000A2B  00007E  000AA9      1456       0  CODE        2
                text74                         000AA9  000080  000B29      1552       0  CODE        2
                text38                         000B29  000080  000BA9      1652       0  CODE        2
                maintext                       000BA9  000084  000C2D      1752       0  CODE        2
                text1                          000C2D  000089  000CB6      185A       0  CODE        2
                text61                         000CB6  00008E  000D44      196C       0  CODE        2
                text54                         000D44  0000A3  000DE7      1A88       0  CODE        2
                text16                         000DE7  0000AC  000E93      1BCE       0  CODE        2
                text79                         000E93  0000B3  000F46      1D26       0  CODE        2
                text94                         000F46  0000BA  001000      1E8C       0  CODE        2
                stringtext2                    001000  000084  001084      2000       0  STRCODE     2
                text93                         001084  000001  001085      2108       0  CODE        2
                text90                         001085  000001  001086      210A       0  CODE        2
                text39                         001086  000022  0010A8      210C       0  CODE        2
                text47                         0010A8  000037  0010DF      2150       0  CODE        2
                text102                        0010DF  00003A  001119      21BE       0  CODE        2
                text78                         001119  00003A  001153      2232       0  CODE        2
                text69                         001153  00003D  001190      22A6       0  CODE        2
                text77                         001190  00003F  0011CF      2320       0  CODE        2
                text22                         0011CF  000041  001210      239E       0  CODE        2
                text5                          001210  000043  001253      2420       0  CODE        2
                text98                         001253  000045  001298      24A6       0  CODE        2
                text49                         001298  000045  0012DD      2530       0  CODE        2
                text59                         0012DD  000047  001324      25BA       0  CODE        2
                text60                         001324  000048  00136C      2648       0  CODE        2
                text73                         00136C  00004B  0013B7      26D8       0  CODE        2
                text66                         0013B7  000055  00140C      276E       0  CODE        2
                text8                          00140C  00005B  001467      2818       0  CODE        2
                text9                          001467  000061  0014C8      28CE       0  CODE        2
                text46                         0014C8  000062  00152A      2990       0  CODE        2
                text43                         00152A  000062  00158C      2A54       0  CODE        2
                text84                         00158C  000067  0015F3      2B18       0  CODE        2
                text62                         0015F3  000067  00165A      2BE6       0  CODE        2
                text95                         00165A  000068  0016C2      2CB4       0  CODE        2
                text41                         0016C2  000068  00172A      2D84       0  CODE        2
                text63                         00172A  00006B  001795      2E54       0  CODE        2
                text4                          001795  00006B  001800      2F2A       0  CODE        2
                stringtext5                    001800  0000DF  0018DF      3000       0  STRCODE     2
                text104                        001BE1  000001  001BE2      37C2       0  CODE        2
                text105                        001BE2  000003  001BE5      37C4       0  CODE        2
                text103                        001BE5  000003  001BE8      37CA       0  CODE        2
                text51                         001BE8  000003  001BEB      37D0       0  CODE        2
                text15                         001BEB  000003  001BEE      37D6       0  CODE        2
                text82                         001BEE  000007  001BF5      37DC       0  CODE        2
                text34                         001BF5  000008  001BFD      37EA       0  CODE        2
                text30                         001BFD  000008  001C05      37FA       0  CODE        2
                text29                         001C05  000008  001C0D      380A       0  CODE        2
                text27                         001C0D  000008  001C15      381A       0  CODE        2
                text26                         001C15  000008  001C1D      382A       0  CODE        2
                text25                         001C1D  000008  001C25      383A       0  CODE        2
                text24                         001C25  000008  001C2D      384A       0  CODE        2
                text23                         001C2D  000008  001C35      385A       0  CODE        2
                text19                         001C35  000008  001C3D      386A       0  CODE        2
                text86                         001C3D  000009  001C46      387A       0  CODE        2
                text100                        001C46  00000A  001C50      388C       0  CODE        2
                text88                         001C50  00000B  001C5B      38A0       0  CODE        2
                text12                         001C5B  00000B  001C66      38B6       0  CODE        2
                text85                         001C66  00000C  001C72      38CC       0  CODE        2
                clrtext                        001C72  00000C  001C7E      38E4       0  CODE        2
                text92                         001C7E  00000D  001C8B      38FC       0  CODE        2
                text89                         001C8B  00000D  001C98      3916       0  CODE        2
                text72                         001C98  00000D  001CA5      3930       0  CODE        2
                text71                         001CA5  00000D  001CB2      394A       0  CODE        2
                text21                         001CB2  00000D  001CBF      3964       0  CODE        2
                text91                         001CBF  000011  001CD0      397E       0  CODE        2
                text45                         001CD0  000011  001CE1      39A0       0  CODE        2
                text18                         001CE1  000011  001CF2      39C2       0  CODE        2
                text50                         001CF2  000013  001D05      39E4       0  CODE        2
                text99                         001D05  000014  001D19      3A0A       0  CODE        2
                text42                         001D19  000014  001D2D      3A32       0  CODE        2
                text14                         001D2D  000015  001D42      3A5A       0  CODE        2
                text6                          001D42  000016  001D58      3A84       0  CODE        2
                text58                         001D58  000017  001D6F      3AB0       0  CODE        2
                text106                        001D6F  000018  001D87      3ADE       0  CODE        2
                text65                         001D87  000018  001D9F      3B0E       0  CODE        2
                text56                         001D9F  000018  001DB7      3B3E       0  CODE        2
                text37                         001DB7  000018  001DCF      3B6E       0  CODE        2
                text17                         001DCF  000019  001DE8      3B9E       0  CODE        2
                text97                         001DE8  00001B  001E03      3BD0       0  CODE        2
                text48                         001E03  00001B  001E1E      3C06       0  CODE        2
                text28                         001E1E  00001B  001E39      3C3C       0  CODE        2
                text32                         001E39  00001C  001E55      3C72       0  CODE        2
                text55                         001E55  00001D  001E72      3CAA       0  CODE        2
                text101                        001E72  000020  001E92      3CE4       0  CODE        2
                text76                         001E92  000020  001EB2      3D24       0  CODE        2
                text75                         001EB2  000020  001ED2      3D64       0  CODE        2
                text31                         001ED2  000020  001EF2      3DA4       0  CODE        2
                text7                          001EF2  000021  001F13      3DE4       0  CODE        2
                text57                         001F13  000022  001F35      3E26       0  CODE        2
                text96                         001F35  000026  001F5B      3E6A       0  CODE        2
                text44                         001F5B  000026  001F81      3EB6       0  CODE        2
                text35                         001F81  000026  001FA7      3F02       0  CODE        2
                text2                          001FA7  000029  001FD0      3F4E       0  CODE        2
                text20                         001FD0  000030  002000      3FA0       0  CODE        2


UNUSED ADDRESS RANGES

        Name                Unused          Largest block    Delta
        BANK10           00520-0052C               D           1
        BANK3            001E9-001EF               7           1
        BANK4            00252-0026F              1E           1
        BANK5            002A0-002EF              50           1
        BANK6            00320-0036F              50           1
        BANK7            003A0-003EF              50           1
        BANK8            00420-0046F              50           1
        BANK9            004A0-004EF              50           1
        BIGRAM           02000-023EF             3F0           1
        CODE             018DF-01BE0             302           2
        CONST            018DF-01BE0             100           2
        ENTRY            018DF-01BE0             100           2
        IDLOC            08000-08003               4           2
        RAM              001E9-001EF               7           1
                         00252-0026F              1E
                         002A0-002EF              50
                         00320-0036F              50
                         003A0-003EF              50
                         00420-0046F              50
                         004A0-004EF              50
                         00520-0052C               D
        SFR0             00000-0001F              20           1
        SFR1             00080-0009F              20           1
        SFR10            00500-0051F              20           1
        SFR11            00580-0059F              20           1
        SFR12            00600-0061F              20           1
        SFR13            00680-006EF              70           1
        SFR14            00700-0076F              70           1
        SFR15            00780-007EF              70           1
        SFR16            00800-0086F              70           1
        SFR17            00880-008EF              70           1
        SFR18            00900-0096F              70           1
        SFR19            00980-009EF              70           1
        SFR2             00100-0011F              20           1
        SFR20            00A00-00A6F              70           1
        SFR21            00A80-00AEF              70           1
        SFR22            00B00-00B6F              70           1
        SFR23            00B80-00BEF              70           1
        SFR24            00C00-00C6F              70           1
        SFR25            00C80-00CEF              70           1
        SFR26            00D00-00D6F              70           1
        SFR27            00D80-00DEF              70           1
        SFR28            00E00-00E6F              70           1
        SFR29            00E80-00EEF              70           1
        SFR3             00180-0019F              20           1
        SFR30            00F00-00F6F              70           1
        SFR31            00F80-00FEF              70           1
        SFR4             00200-0021F              20           1
        SFR5             00280-0029F              20           1
        SFR6             00300-0031F              20           1
        SFR7             00380-0039F              20           1
        SFR8             00400-0041F              20           1
        SFR9             00480-0049F              20           1
        STRCODE          018DF-01BE0             302           2
        STRING           018DF-01BE0             100           2

                                  Symbol Table

?_GenericQueue_IsEmpty                         cstackBANK1  000A8
?_GenericQueue_IsFull                          cstackBANK1  000A8
?_SysTime_GetCurrentTimeMs                     cstackCOMMON 00070
?_USBTransferOnePacket                         cstackBANK1  000A8
?___awmod                                      cstackBANK1  000A8
?___wmul                                       cstackBANK1  000AF
?_ctoa                                         cstackBANK1  000B0
?_memcmp                                       cstackBANK1  000B5
?_pad                                          cstackBANK1  000B7
?_read_prec_or_width                           cstackBANK1  000B5
?_snprintf                                     cstackBANK1  000DE
?_strlen                                       cstackBANK1  000A8
?_vfpfcnvrt                                    cstackBANK1  000C8
?_vfprintf                                     cstackBANK1  000D7
?_xtoa                                         cstackBANK1  000BE
?i1_GenericQueue_IsFull                        cstackCOMMON 00070
?i1_USBTransferOnePacket                       cstackCOMMON 00070
?i1___awmod                                    cstackCOMMON 00070
?i1___wmul                                     cstackCOMMON 00070
APP_KeyboardTasks@TimeDeltaMilliseconds        cstackBANK1  000D0
APP_KeyboardTasks@i                            cstackBANK1  000D2
APP_KeyboardTasks@needToSendNewReportPacket    cstackBANK1  000CD
APP_KeyboardTasks@scanCode                     cstackBANK1  000D3
APP_KeyboardTasks@usbHidCode                   cstackBANK1  000CB
APP_KeyboardTasks@usbHidCode_2876              cstackBANK1  000CE
APP_KeyboardTasks@usbHidCode_2877              cstackBANK1  000CC
APP_KeyboardTasks@usbHidCode_2878              cstackBANK1  000CF
EUSART_SetErrorHandler@interruptHandler        cstackBANK1  000A8
EUSART_SetFramingErrorHandler@interruptHandler cstackBANK1  000A8
EUSART_SetOverrunErrorHandler@interruptHandler cstackBANK1  000A8
EUSART_SetRxInterruptHandler@interruptHandler  cstackBANK1  000A8
EUSART_SetTxInterruptHandler@interruptHandler  cstackBANK1  000A8
EUSART_Write@txData                            cstackBANK1  000A9
GenericQueue_Contains@i                        cstackBANK1  000C5
GenericQueue_Contains@item                     cstackBANK1  000C0
GenericQueue_Contains@q                        cstackBANK1  000BE
GenericQueue_CopyToArray@array                 cstackBANK1  000C2
GenericQueue_CopyToArray@count                 cstackBANK1  000C8
GenericQueue_CopyToArray@index                 cstackBANK1  000C7
GenericQueue_CopyToArray@q                     cstackBANK1  000C0
GenericQueue_Dequeue@item                      cstackBANK1  000C2
GenericQueue_Dequeue@q                         cstackBANK1  000C0
GenericQueue_Enqueue@item                      cstackBANK1  000C2
GenericQueue_Enqueue@q                         cstackBANK1  000C0
GenericQueue_Init@element_size                 cstackBANK1  000AA
GenericQueue_Init@q                            cstackBANK1  000A8
GenericQueue_IsEmpty@q                         cstackBANK1  000A8
GenericQueue_IsFull@q                          cstackBANK1  000A8
GenericQueue_Remove@i                          cstackBANK1  000C7
GenericQueue_Remove@item                       cstackBANK1  000C2
GenericQueue_Remove@j                          cstackBANK1  000C8
GenericQueue_Remove@q                          cstackBANK1  000C0
IOCAF4_SetInterruptHandler@InterruptHandler    cstackBANK1  000A8
IOCAF5_SetInterruptHandler@InterruptHandler    cstackBANK1  000A8
PS2Keyboard_GetScanCode@ret                    cstackBANK1  000C8
PS2Keyboard_GetScanCode@scanCode               cstackBANK1  000C7
PS2USB_ScanCodeToUSBHID@scanCode               cstackBANK1  000A8
TMR2_SetInterruptHandler@InterruptHandler      cstackBANK1  000A8
USBConfigureEndpoint@EPNum                     cstackCOMMON 00075
USBConfigureEndpoint@direction                 cstackCOMMON 00070
USBConfigureEndpoint@handle                    cstackCOMMON 00076
USBCtrlTrfInHandler@lastDTS                    cstackCOMMON 00077
USBCtrlTrfRxService@byteToRead                 cstackCOMMON 00079
USBCtrlTrfRxService@i                          cstackCOMMON 00078
USBCtrlTrfTxService@byteToSend                 cstackCOMMON 00072
USBDeviceInit@i                                cstackBANK1  000AF
USBDeviceInit@i_1369                           cstackBANK1  000AE
USBDeviceInit@p                                cstackBANK1  000AC
USBDeviceTasks@i                               cstackBANK0  00060
USBEnableEndpoint@ep                           cstackCOMMON 0007C
USBEnableEndpoint@options                      cstackCOMMON 00077
USBEnableEndpoint@p                            cstackCOMMON 0007A
USBHIDCBSetIdleRateHandler@newIdleRate         cstackCOMMON 00070
USBHIDCBSetIdleRateHandler@reportID            cstackCOMMON 00073
USBStdFeatureReqHandler@current_ep_data        cstackBANK0  0005A
USBStdFeatureReqHandler@p                      cstackBANK0  0005B
USBStdFeatureReqHandler@pUEP                   cstackBANK0  00058
USBStdGetStatusHandler@p                       cstackCOMMON 00070
USBStdSetCfgHandler@i                          cstackBANK0  00059
USBStdSetCfgHandler@i_2097                     cstackBANK0  00058
USBStdSetCfgHandler@p                          cstackBANK0  00056
USBTransferOnePacket@data                      cstackBANK1  000A9
USBTransferOnePacket@dir                       cstackBANK1  000A8
USBTransferOnePacket@ep                        cstackBANK1  000B0
USBTransferOnePacket@handle                    cstackBANK1  000B1
USBTransferOnePacket@len                       cstackBANK1  000AB
USER_USB_CALLBACK_EVENT_HANDLER@event          cstackBANK0  00050
USER_USB_CALLBACK_EVENT_HANDLER@pdata          cstackBANK0  00052
USER_USB_CALLBACK_EVENT_HANDLER@size           cstackBANK0  00054
_ACTCON                                        (abs)        0039B
_ANSELA                                        (abs)        0018C
_ANSELB                                        (abs)        0018D
_ANSELC                                        (abs)        0018E
_APFCON                                        (abs)        0011D
_APP_KeyboardInit                              text73       0136C
_APP_KeyboardProcessOutputReport               text51       01BE8
_APP_KeyboardTasks                             text36       0007F
_BAUDCON                                       (abs)        0019F
_BDT                                           (abs)        00020
_BORCON                                        (abs)        00116
_BothEP0OutUOWNsSet                            bssBANK2     00142
_CtrlTrfData                                   (abs)        00048
_EUSART_DefaultErrorHandler                    text105      01BE2
_EUSART_DefaultFramingErrorHandler             text104      01BE1
_EUSART_DefaultOverrunErrorHandler             text103      01BE5
_EUSART_ErrorHandler                           bssBANK3     001D1
_EUSART_FramingErrorHandler                    bssBANK3     001D5
_EUSART_Initialize                             text22       011CF
_EUSART_OverrunErrorHandler                    bssBANK3     001D3
_EUSART_Receive_ISR                            text102      010DF
_EUSART_RxDataHandler                          text106      01D6F
_EUSART_RxDefaultInterruptHandler              bssBANK3     001D9
_EUSART_SetErrorHandler                        text27       01C0D
_EUSART_SetFramingErrorHandler                 text26       01C15
_EUSART_SetOverrunErrorHandler                 text25       01C1D
_EUSART_SetRxInterruptHandler                  text24       01C25
_EUSART_SetTxInterruptHandler                  text23       01C2D
_EUSART_Transmit_ISR                           text101      01E72
_EUSART_TxDefaultInterruptHandler              bssBANK3     001DB
_EUSART_Write                                  text35       01F81
_EUSART_is_tx_ready                            text34       01BF5
_GenericQueue_Contains                         text46       014C8
_GenericQueue_CopyToArray                      text43       0152A
_GenericQueue_Dequeue                          text33       00796
_GenericQueue_Enqueue                          text41       016C2
_GenericQueue_Init                             text31       01ED2
_GenericQueue_IsEmpty                          text50       01CF2
_GenericQueue_IsFull                           text42       01D19
_GenericQueue_Remove                           text40       005CF
_INTCONbits                                    (abs)        0000B
_INTERRUPT_InterruptManager                    intentry     00004
_IOCAF4_DefaultInterruptHandler                text93       01084
_IOCAF4_ISR                                    text92       01C7E
_IOCAF4_InterruptHandler                       nvBANK3      001E7
_IOCAF4_SetInterruptHandler                    text30       01BFD
_IOCAF5_DefaultInterruptHandler                text90       01085
_IOCAF5_ISR                                    text89       01C8B
_IOCAF5_InterruptHandler                       nvBANK3      001E5
_IOCAF5_SetInterruptHandler                    text29       01C05
_IOCAFbits                                     (abs)        00393
_IOCANbits                                     (abs)        00392
_IOCAPbits                                     (abs)        00391
_LATA                                          (abs)        0010C
_LATB                                          (abs)        0010D
_LATC                                          (abs)        0010E
_LocalSOFCount                                 bssBANK2     0012E
_OPTION_REGbits                                (abs)        00095
_OSCCON                                        (abs)        00099
_OSCILLATOR_Initialize                         text21       01CB2
_OSCTUNE                                       (abs)        00098
_OldSOFCount                                   bssBANK3     001CD
_PIE1bits                                      (abs)        00091
_PIE2bits                                      (abs)        00092
_PIN_MANAGER_IOC                               text88       01C50
_PIN_MANAGER_Initialize                        text20       01FD0
_PIR1bits                                      (abs)        00011
_PIR2bits                                      (abs)        00012
_PLLRDY                                        (abs)        004D6
_PORTAbits                                     (abs)        0000C
_PR2                                           (abs)        0001B
_PS2Keyboard_ClockInterrupt                    text94       00F46
_PS2Keyboard_DataInterrupt                     text91       01CBF
_PS2Keyboard_GetScanCode                       text32       01E39
_PS2Keyboard_Init                              text28       01E1E
_PS2USB_ScanCodeToUSBHID                       text39       01086
_RCREG                                         (abs)        00199
_RCSTA                                         (abs)        0019D
_RCSTAbits                                     (abs)        0019D
_RemoteWakeup                                  bssBANK2     00145
_SOFCounter                                    bssBANK0     00065
_SPBRGH                                        (abs)        0019C
_SPBRGL                                        (abs)        0019B
_SYSTEM_Initialize                             text14       01D2D
_SetupPkt                                      (abs)        00040
_SysTimeInterrupt                              text86       01C3D
_SysTime_GetCurrentTimeMs                      text100      01C46
_SysTime_Init                                  text12       01C5B
_T2CON                                         (abs)        0001C
_T2CONbits                                     (abs)        0001C
_TMR2                                          (abs)        0001A
_TMR2_DefaultInterruptHandler                  text87       00800
_TMR2_ISR                                      text85       01C66
_TMR2_Initialize                               text18       01CE1
_TMR2_InterruptHandler                         bssBANK3     001D7
_TMR2_SetInterruptHandler                      text19       01C35
_TMR2_StartTimer                               text13       00802
_TRISA                                         (abs)        0008C
_TRISB                                         (abs)        0008D
_TRISC                                         (abs)        0008E
_TXREG                                         (abs)        0019A
_TXSTA                                         (abs)        0019E
_UADDR                                         (abs)        00E96
_UCFG                                          (abs)        00E91
_UCON                                          (abs)        00E8E
_UCONbits                                      (abs)        00E8E
_UEIE                                          (abs)        00E97
_UEIR                                          (abs)        00E93
_UEP0                                          (abs)        00E98
_UEP0bits                                      (abs)        00E98
_UEP1                                          (abs)        00E99
_UIE                                           (abs)        00E92
_UIEbits                                       (abs)        00E92
_UIR                                           (abs)        00E90
_UIRbits                                       (abs)        00E90
_USB1msTickCount                               bssBANK3     001C0
_USBActiveConfiguration                        bssBANK0     0006F
_USBAlternateInterface                         bssBANK2     0014B
_USBBusIsSuspended                             bssBANK2     00144
_USBCheckHIDRequest                            text70       00A2B
_USBCheckStdRequest                            text63       0172A
_USBConfigureEndpoint                          text77       01190
_USBCtrlEPAllowDataStage                       text62       015F3
_USBCtrlEPAllowStatusStage                     text80       00853
_USBCtrlEPService                              text59       012DD
_USBCtrlEPServiceComplete                      text61       00CB6
_USBCtrlTrfInHandler                           text81       009B0
_USBCtrlTrfOutHandler                          text78       01119
_USBCtrlTrfRxService                           text79       00E93
_USBCtrlTrfSetupHandler                        text60       01324
_USBCtrlTrfTxService                           text84       0158C
_USBDeferINDataStagePackets                    bssBANK2     0013D
_USBDeferOUTDataStagePackets                   bssBANK2     0013C
_USBDeferStatusStagePacket                     bssBANK2     00140
_USBDeviceAttach                               text17       01DCF
_USBDeviceInit                                 text16       00DE7
_USBDeviceState                                bssBANK0     0006B
_USBDeviceTasks                                text53       006C3
_USBEnableEndpoint                             text76       01E92
_USBHIDCBSetIdleRateHandler                    text72       01C98
_USBHIDCBSetReportComplete                     text82       01BEE
_USBHIDCBSetReportHandler                      text71       01CA5
_USBIncrement1msInternalTimers                 text58       01D58
_USBStallHandler                               text57       01F13
_USBStatusStageEnabledFlag1                    bssBANK2     0013F
_USBStatusStageEnabledFlag2                    bssBANK2     0013E
_USBStatusStageTimeoutCounter                  bssBANK2     00141
_USBStdFeatureReqHandler                       text68       002B6
_USBStdGetDscHandler                           text67       00937
_USBStdGetStatusHandler                        text66       013B7
_USBStdSetCfgHandler                           text64       008C5
_USBSuspend                                    text56       01D9F
_USBTicksSinceSuspendEnd                       bssBANK2     0013B
_USBTransferOnePacket                          text38       00B29
_USBWakeFromSuspend                            text55       01E55
_USB_CD_Ptr                                    stringtext4  018DD
_USB_SD_Ptr                                    stringtext3  018D3
_USER_USB_CALLBACK_EVENT_HANDLER               text69       01153
_USTAT                                         (abs)        00E8F
_USTATcopy                                     bssBANK0     0006E
_WDTCON                                        (abs)        00097
_WDT_Initialize                                text15       01BEB
_WPUA                                          (abs)        0020C
_WPUB                                          (abs)        0020D
__H__absolute__                                __absolute__ 00000
__Habs1                                        abs1         00000
__Hbank0                                       bank0        00000
__Hbank1                                       bank1        00000
__Hbank10                                      bank10       00000
__Hbank11                                      bank11       00000
__Hbank12                                      bank12       00000
__Hbank13                                      bank13       00000
__Hbank14                                      bank14       00000
__Hbank15                                      bank15       00000
__Hbank16                                      bank16       00000
__Hbank17                                      bank17       00000
__Hbank18                                      bank18       00000
__Hbank19                                      bank19       00000
__Hbank2                                       bank2        00000
__Hbank20                                      bank20       00000
__Hbank21                                      bank21       00000
__Hbank22                                      bank22       00000
__Hbank23                                      bank23       00000
__Hbank24                                      bank24       00000
__Hbank25                                      bank25       00000
__Hbank26                                      bank26       00000
__Hbank27                                      bank27       00000
__Hbank28                                      bank28       00000
__Hbank29                                      bank29       00000
__Hbank3                                       bank3        00000
__Hbank30                                      bank30       00000
__Hbank31                                      bank31       00000
__Hbank4                                       bank4        00000
__Hbank5                                       bank5        00000
__Hbank6                                       bank6        00000
__Hbank7                                       bank7        00000
__Hbank8                                       bank8        00000
__Hbank9                                       bank9        00000
__Hbigram                                      bigram       00000
__HbssBANK0                                    bssBANK0     00000
__HbssBANK1                                    bssBANK1     00000
__HbssBANK2                                    bssBANK2     00000
__HbssBANK3                                    bssBANK3     00000
__HbssBANK4                                    bssBANK4     00000
__Hcinit                                       cinit        0007F
__Hclrtext                                     clrtext      00000
__Hcode                                        code         00000
__Hcommon                                      common       00000
__Hconfig                                      config       08009
__HcstackBANK0                                 cstackBANK0  00000
__HcstackBANK1                                 cstackBANK1  00000
__HcstackBANK2                                 cstackBANK2  00000
__HcstackCOMMON                                cstackCOMMON 00000
__Heeprom_data                                 eeprom_data  00000
__Hend_init                                    end_init     0003F
__Hfunctab                                     functab      00000
__Hheap                                        heap         00000
__Hinit                                        init         0003D
__Hintentry                                    intentry     0003D
__Hmaintext                                    maintext     00000
__HnvBANK3                                     nvBANK3      00000
__Hpowerup                                     powerup      00000
__Hram                                         ram          00000
__Hreset_vec                                   reset_vec    00002
__Hsfr0                                        sfr0         00000
__Hsfr1                                        sfr1         00000
__Hsfr10                                       sfr10        00000
__Hsfr11                                       sfr11        00000
__Hsfr12                                       sfr12        00000
__Hsfr13                                       sfr13        00000
__Hsfr14                                       sfr14        00000
__Hsfr15                                       sfr15        00000
__Hsfr16                                       sfr16        00000
__Hsfr17                                       sfr17        00000
__Hsfr18                                       sfr18        00000
__Hsfr19                                       sfr19        00000
__Hsfr2                                        sfr2         00000
__Hsfr20                                       sfr20        00000
__Hsfr21                                       sfr21        00000
__Hsfr22                                       sfr22        00000
__Hsfr23                                       sfr23        00000
__Hsfr24                                       sfr24        00000
__Hsfr25                                       sfr25        00000
__Hsfr26                                       sfr26        00000
__Hsfr27                                       sfr27        00000
__Hsfr28                                       sfr28        00000
__Hsfr29                                       sfr29        00000
__Hsfr3                                        sfr3         00000
__Hsfr30                                       sfr30        00000
__Hsfr31                                       sfr31        00000
__Hsfr4                                        sfr4         00000
__Hsfr5                                        sfr5         00000
__Hsfr6                                        sfr6         00000
__Hsfr7                                        sfr7         00000
__Hsfr8                                        sfr8         00000
__Hsfr9                                        sfr9         00000
__Hsivt                                        sivt         0003D
__Hspace_0                                     (abs)        02000
__Hspace_1                                     (abs)        00252
__Hspace_2                                     (abs)        00000
__Hspace_3                                     (abs)        00000
__Hspace_4                                     (abs)        10010
__Hstack                                       stack        00000
__Hstrings                                     strings      00000
__Hstringtext1                                 stringtext1  00000
__Hstringtext10                                stringtext10 00000
__Hstringtext11                                stringtext11 00000
__Hstringtext12                                stringtext12 00000
__Hstringtext2                                 stringtext2  00000
__Hstringtext3                                 stringtext3  00000
__Hstringtext4                                 stringtext4  00000
__Hstringtext5                                 stringtext5  00000
__Hstringtext6                                 stringtext6  00000
__Hstringtext7                                 stringtext7  00000
__Hstringtext8                                 stringtext8  00000
__Hstringtext9                                 stringtext9  00000
__Htext                                        text         00000
__L__absolute__                                __absolute__ 00000
__Labs1                                        abs1         00000
__Lbank0                                       bank0        00000
__Lbank1                                       bank1        00000
__Lbank10                                      bank10       00000
__Lbank11                                      bank11       00000
__Lbank12                                      bank12       00000
__Lbank13                                      bank13       00000
__Lbank14                                      bank14       00000
__Lbank15                                      bank15       00000
__Lbank16                                      bank16       00000
__Lbank17                                      bank17       00000
__Lbank18                                      bank18       00000
__Lbank19                                      bank19       00000
__Lbank2                                       bank2        00000
__Lbank20                                      bank20       00000
__Lbank21                                      bank21       00000
__Lbank22                                      bank22       00000
__Lbank23                                      bank23       00000
__Lbank24                                      bank24       00000
__Lbank25                                      bank25       00000
__Lbank26                                      bank26       00000
__Lbank27                                      bank27       00000
__Lbank28                                      bank28       00000
__Lbank29                                      bank29       00000
__Lbank3                                       bank3        00000
__Lbank30                                      bank30       00000
__Lbank31                                      bank31       00000
__Lbank4                                       bank4        00000
__Lbank5                                       bank5        00000
__Lbank6                                       bank6        00000
__Lbank7                                       bank7        00000
__Lbank8                                       bank8        00000
__Lbank9                                       bank9        00000
__Lbigram                                      bigram       00000
__LbssBANK0                                    bssBANK0     00000
__LbssBANK1                                    bssBANK1     00000
__LbssBANK2                                    bssBANK2     00000
__LbssBANK3                                    bssBANK3     00000
__LbssBANK4                                    bssBANK4     00000
__Lcinit                                       cinit        0003F
__Lclrtext                                     clrtext      00000
__Lcode                                        code         00000
__Lcommon                                      common       00000
__Lconfig                                      config       00000
__LcstackBANK0                                 cstackBANK0  00000
__LcstackBANK1                                 cstackBANK1  00000
__LcstackBANK2                                 cstackBANK2  00000
__LcstackCOMMON                                cstackCOMMON 00000
__Leeprom_data                                 eeprom_data  00000
__Lend_init                                    end_init     0003D
__Lfunctab                                     functab      00000
__Lheap                                        heap         00000
__Linit                                        init         0003D
__Lintentry                                    intentry     00004
__Lmaintext                                    maintext     00000
__LnvBANK3                                     nvBANK3      00000
__Lpowerup                                     powerup      00000
__Lram                                         ram          00000
__Lreset_vec                                   reset_vec    00000
__Lsfr0                                        sfr0         00000
__Lsfr1                                        sfr1         00000
__Lsfr10                                       sfr10        00000
__Lsfr11                                       sfr11        00000
__Lsfr12                                       sfr12        00000
__Lsfr13                                       sfr13        00000
__Lsfr14                                       sfr14        00000
__Lsfr15                                       sfr15        00000
__Lsfr16                                       sfr16        00000
__Lsfr17                                       sfr17        00000
__Lsfr18                                       sfr18        00000
__Lsfr19                                       sfr19        00000
__Lsfr2                                        sfr2         00000
__Lsfr20                                       sfr20        00000
__Lsfr21                                       sfr21        00000
__Lsfr22                                       sfr22        00000
__Lsfr23                                       sfr23        00000
__Lsfr24                                       sfr24        00000
__Lsfr25                                       sfr25        00000
__Lsfr26                                       sfr26        00000
__Lsfr27                                       sfr27        00000
__Lsfr28                                       sfr28        00000
__Lsfr29                                       sfr29        00000
__Lsfr3                                        sfr3         00000
__Lsfr30                                       sfr30        00000
__Lsfr31                                       sfr31        00000
__Lsfr4                                        sfr4         00000
__Lsfr5                                        sfr5         00000
__Lsfr6                                        sfr6         00000
__Lsfr7                                        sfr7         00000
__Lsfr8                                        sfr8         00000
__Lsfr9                                        sfr9         00000
__Lsivt                                        sivt         0003D
__Lspace_0                                     (abs)        00000
__Lspace_1                                     (abs)        00000
__Lspace_2                                     (abs)        00000
__Lspace_3                                     (abs)        00000
__Lspace_4                                     (abs)        00000
__Lstack                                       stack        00000
__Lstrings                                     strings      00000
__Lstringtext1                                 stringtext1  00000
__Lstringtext10                                stringtext10 00000
__Lstringtext11                                stringtext11 00000
__Lstringtext12                                stringtext12 00000
__Lstringtext2                                 stringtext2  00000
__Lstringtext3                                 stringtext3  00000
__Lstringtext4                                 stringtext4  00000
__Lstringtext5                                 stringtext5  00000
__Lstringtext6                                 stringtext6  00000
__Lstringtext7                                 stringtext7  00000
__Lstringtext8                                 stringtext8  00000
__Lstringtext9                                 stringtext9  00000
__Ltext                                        text         00000
__S0                                           (abs)        02000
__S1                                           (abs)        00252
___awmod                                       text49       01298
___awmod@counter                               cstackBANK1  000AD
___awmod@dividend                              cstackBANK1  000AA
___awmod@divisor                               cstackBANK1  000A8
___awmod@sign                                  cstackBANK1  000AE
___bmul                                        text45       01CD0
___bmul@multiplicand                           cstackBANK1  000A8
___bmul@multiplier                             cstackBANK1  000AB
___bmul@product                                cstackBANK1  000AA
___heap_hi                                     (abs)        00000
___heap_lo                                     (abs)        00000
___int_sp                                      stack        00000
___int_stack_hi                                stack        00000
___int_stack_lo                                stack        00000
___latbits                                     (abs)        00002
___sp                                          stack        00000
___stack_hi                                    stack        00000
___stack_lo                                    stack        00000
___stackhi                                     (abs)        00000
___stacklo                                     (abs)        00000
___wmul                                        text48       01E03
___wmul@multiplicand                           cstackBANK1  000B1
___wmul@multiplier                             cstackBANK1  000AF
___wmul@product                                cstackBANK1  000B3
__end_of_APP_KeyboardInit                      text73       013B7
__end_of_APP_KeyboardProcessOutputReport       text51       01BEB
__end_of_APP_KeyboardTasks                     text36       002B6
__end_of_EUSART_DefaultErrorHandler            text105      01BE5
__end_of_EUSART_DefaultFramingErrorHandler     text104      01BE2
__end_of_EUSART_DefaultOverrunErrorHandler     text103      01BE8
__end_of_EUSART_Initialize                     text22       01210
__end_of_EUSART_Receive_ISR                    text102      01119
__end_of_EUSART_RxDataHandler                  text106      01D87
__end_of_EUSART_SetErrorHandler                text27       01C15
__end_of_EUSART_SetFramingErrorHandler         text26       01C1D
__end_of_EUSART_SetOverrunErrorHandler         text25       01C25
__end_of_EUSART_SetRxInterruptHandler          text24       01C2D
__end_of_EUSART_SetTxInterruptHandler          text23       01C35
__end_of_EUSART_Transmit_ISR                   text101      01E92
__end_of_EUSART_Write                          text35       01FA7
__end_of_EUSART_is_tx_ready                    text34       01BFD
__end_of_GenericQueue_Contains                 text46       0152A
__end_of_GenericQueue_CopyToArray              text43       0158C
__end_of_GenericQueue_Dequeue                  text33       00800
__end_of_GenericQueue_Enqueue                  text41       0172A
__end_of_GenericQueue_Init                     text31       01EF2
__end_of_GenericQueue_IsEmpty                  text50       01D05
__end_of_GenericQueue_IsFull                   text42       01D2D
__end_of_GenericQueue_Remove                   text40       006C3
__end_of_INTERRUPT_InterruptManager            intentry     0003D
__end_of_IOCAF4_DefaultInterruptHandler        text93       01085
__end_of_IOCAF4_ISR                            text92       01C8B
__end_of_IOCAF4_SetInterruptHandler            text30       01C05
__end_of_IOCAF5_DefaultInterruptHandler        text90       01086
__end_of_IOCAF5_ISR                            text89       01C98
[...]
_keyboard                                      (abs)        0232D
_keyboardData                                  bssBANK2     00136
_keyboardIdleRate                              bssBANK3     001CF
_keyboardIndexData                             bssBANK2     00139
_keyboardIsBreak                               bssBANK3     001DD
_keyboardIsExtend                              bssBANK2     00135
_keyboardOnesCount                             bssBANK2     00138
_keyboardScanCode                              bssBANK3     001E1
_keyboardScanCodeQueue                         (abs)        02391
_keyboardScanCodeValid                         bssBANK2     00137
_keyboardState                                 bssBANK2     0013A
_main                                          maintext     00BA9
_main$2651                                     cstackBANK2  00167
_memcmp                                        text47       010A8
_memcpy                                        text44       01F5B
_memset                                        text37       01DB7
_nout                                          bssBANK3     001C7
_oldInputReport                                bssBANK4     0022A
_outPipes                                      bssBANK2     00121
_outputReport                                  (abs)        00120
_pBDTEntryEP0OutCurrent                        bssBANK0     0006A
_pBDTEntryEP0OutNext                           bssBANK0     00067
_pBDTEntryIn                                   bssBANK0     00061
_pBDTEntryOut                                  bssBANK2     00128
_pDst                                          bssBANK2     00146
_pad                                           text5        01210
_prec                                          bssBANK3     001C9
_prevTimeMs                                    bssBANK3     001BC
_ps2ExtUsbMap                                  stringtext1  003D6
_ps2UsbMap                                     stringtext2  01000
_putch                                         text11       00801
_read_prec_or_width                            text8        0140C
_sd000                                         stringtext10 018D9
_sd001                                         stringtext6  0183F
_sd002                                         stringtext8  0189C
_shortPacketStatus                             bssBANK2     00147
_snprintf                                      text1        00C2D
_snprintf$3536                                 cstackBANK2  0014C
_strlen                                        text6        01D42
_timeMs                                        bssBANK3     001B8
_vfpfcnvrt                                     text3        004D5
_vfprintf                                      text2        01FA7
_width                                         bssBANK2     0012C
_xtoa                                          text4        01795
btemp                                          (abs)        0007E
clear_ram0                                     clrtext      01C72
ctoa@c                                         cstackBANK1  000B0
ctoa@fp                                        cstackBANK1  000B8
ctoa@l                                         cstackBANK1  000B4
ctoa@w                                         cstackBANK1  000B6
end_of_initialization                          cinit        0007B
fputc@c                                        cstackBANK1  000A8
fputc@fp                                       cstackBANK1  000AA
fputs@c                                        cstackBANK1  000B3
fputs@fp                                       cstackBANK1  000B0
fputs@i                                        cstackBANK1  000B4
fputs@s                                        cstackBANK1  000B6
i1GenericQueue_Enqueue@item                    cstackBANK0  00057
i1GenericQueue_Enqueue@q                       cstackBANK0  00055
i1GenericQueue_Init@element_size               cstackCOMMON 00072
i1GenericQueue_Init@q                          cstackCOMMON 00070
i1GenericQueue_IsFull@q                        cstackCOMMON 00070
i1USBDeviceInit@i                              cstackCOMMON 00077
i1USBDeviceInit@i_1369                         cstackCOMMON 00076
i1USBDeviceInit@p                              cstackCOMMON 00074
i1USBTransferOnePacket@data                    cstackCOMMON 00071
i1USBTransferOnePacket@dir                     cstackCOMMON 00070
i1USBTransferOnePacket@ep                      cstackCOMMON 00078
i1USBTransferOnePacket@handle                  cstackCOMMON 00079
i1USBTransferOnePacket@len                     cstackCOMMON 00073
i1_APP_KeyboardProcessOutputReport             text83       00002
i1_GenericQueue_Enqueue                        text95       0165A
i1_GenericQueue_Init                           text75       01EB2
i1_GenericQueue_IsFull                         text99       01D05
i1_USBDeviceInit                               text54       00D44
i1_USBTransferOnePacket                        text74       00AA9
i1___awmod                                     text98       01253
i1___awmod@counter                             cstackCOMMON 00075
i1___awmod@dividend                            cstackCOMMON 00072
i1___awmod@divisor                             cstackCOMMON 00070
i1___awmod@sign                                cstackCOMMON 00076
i1___wmul                                      text97       01DE8
i1___wmul@multiplicand                         cstackCOMMON 00072
i1___wmul@multiplier                           cstackCOMMON 00070
i1___wmul@product                              cstackCOMMON 00074
i1_memcpy                                      text96       01F35
i1_memset                                      text65       01D87
i1memcpy@d                                     cstackBANK0  00050
i1memcpy@d1                                    cstackCOMMON 00076
i1memcpy@n                                     cstackCOMMON 0007A
i1memcpy@s                                     cstackBANK0  00052
i1memcpy@s1                                    cstackCOMMON 00078
i1memcpy@tmp                                   cstackBANK0  00054
i1memset@c                                     cstackCOMMON 00072
i1memset@dest                                  cstackCOMMON 00070
i1memset@n                                     cstackCOMMON 00074
i1memset@p                                     cstackCOMMON 00076
int$flags                                      (abs)        0007E
intlevel0                                      functab      00000
intlevel1                                      functab      00000
intlevel2                                      functab      00000
intlevel3                                      functab      00000
intlevel4                                      functab      00000
intlevel5                                      functab      00000
main@F3438                                     bssBANK3     001C4
main@hndlScanCode                              cstackBANK2  0016C
main@i                                         cstackBANK2  0016B
main@scanCode                                  cstackBANK2  0016D
main@scanCodeStr                               cstackBANK2  0015D
main@scanCodeValid                             cstackBANK2  00169
main@strLen                                    cstackBANK2  0016A
memcmp@l                                       cstackBANK1  000BB
memcmp@n                                       cstackBANK1  000B8
memcmp@r                                       cstackBANK1  000BD
memcmp@vl                                      cstackBANK1  000B5
memcmp@vr                                      cstackBANK1  000B7
memcpy@d                                       cstackBANK1  000BB
memcpy@d1                                      cstackBANK1  000B5
memcpy@n                                       cstackBANK1  000B9
memcpy@s                                       cstackBANK1  000BD
memcpy@s1                                      cstackBANK1  000B7
memcpy@tmp                                     cstackBANK1  000BF
memset@c                                       cstackBANK1  000AA
memset@dest                                    cstackBANK1  000A8
memset@n                                       cstackBANK1  000AC
memset@p                                       cstackBANK1  000AE
pad@buf                                        cstackBANK1  000B7
pad@fp                                         cstackBANK1  000BD
pad@i                                          cstackBANK1  000BB
pad@p                                          cstackBANK1  000B8
read_prec_or_width@ap                          cstackBANK1  000B5
read_prec_or_width@c                           cstackBANK1  000BA
read_prec_or_width@fmt                         cstackBANK1  000BD
read_prec_or_width@n                           cstackBANK1  000BB
reset_vec                                      reset_vec    00000
snprintf@ap                                    cstackBANK2  0014F
snprintf@cnt                                   cstackBANK2  00150
snprintf@f                                     cstackBANK2  00152
snprintf@fmt                                   cstackBANK1  000E0
snprintf@n                                     cstackBANK1  000DE
snprintf@s                                     cstackBANK2  0014E
start                                          init         0003D
start_initialization                           cinit        0003F
strlen@a                                       cstackBANK1  000AB
strlen@s                                       cstackBANK1  000AC
vfpfcnvrt@ap                                   cstackBANK1  000C9
vfpfcnvrt@c                                    cstackBANK1  000D2
vfpfcnvrt@convarg                              cstackBANK1  000CE
vfpfcnvrt@cp                                   cstackBANK1  000D4
vfpfcnvrt@done                                 cstackBANK1  000D3
vfpfcnvrt@fmt                                  cstackBANK1  000C8
vfpfcnvrt@fp                                   cstackBANK1  000D6
vfprintf@ap                                    cstackBANK1  000D9
vfprintf@cfmt                                  cstackBANK1  000DC
vfprintf@fmt                                   cstackBANK1  000D7
vfprintf@fp                                    cstackBANK1  000DB
wtemp0                                         (abs)        0007E
xtoa@c                                         cstackBANK1  000C5
xtoa@d                                         cstackBANK1  000BE
xtoa@fp                                        cstackBANK1  000C1
xtoa@i                                         cstackBANK1  000C6
xtoa@p                                         cstackBANK1  000C2
xtoa@w                                         cstackBANK1  000C3


MODULE INFORMATION

Module		Function		Class		Link	Load	Size
C:\Program Files\Microchip\xc8\v2.46\pic\sources\c99\common\nf_snprintf.c
		_snprintf      		CODE           	0C2D	0000	137

C:\Program Files\Microchip\xc8\v2.46\pic\sources\c99\common\nf_snprintf.c estimated size: 137

systime.c
		_SysTime_GetCurrentTimeMs		CODE           	1C46	0000	10
		_SysTime_Init  		CODE           	1C5B	0000	11
		_SysTimeInterrupt		CODE           	1C3D	0000	9

systime.c estimated size: 30

ps2_keyboard.c
		_PS2Keyboard_ClockInterrupt		CODE           	0F46	0000	186
		_PS2Keyboard_GetScanCode		CODE           	1E39	0000	28
		_PS2Keyboard_Init		CODE           	1E1E	0000	27
		_PS2Keyboard_DataInterrupt		CODE           	1CBF	0000	17

ps2_keyboard.c estimated size: 258

usb/usb_device_hid.c
		_USBCheckHIDRequest		CODE           	0A2B	0000	126

usb/usb_device_hid.c estimated size: 126

generic_queue.c
		_GenericQueue_IsEmpty		CODE           	1CF2	0000	19
		_GenericQueue_IsFull		CODE           	1D19	0000	20
		_GenericQueue_CopyToArray		CODE           	152A	0000	98
		_GenericQueue_Remove		CODE           	05CF	0000	244
		_GenericQueue_Contains		CODE           	14C8	0000	98
		_GenericQueue_Dequeue		CODE           	0796	0000	106
		_GenericQueue_Enqueue		CODE           	16C2	0000	104
		_GenericQueue_Init		CODE           	1ED2	0000	32

generic_queue.c estimated size: 721

C:\Program Files\Microchip\xc8\v2.46\pic\sources\c99\common\nf_fputc.c
		_fputc         		CODE           	0805	0000	78

C:\Program Files\Microchip\xc8\v2.46\pic\sources\c99\common\nf_fputc.c estimated size: 78

mcc_generated_files/tmr2.c
		_TMR2_ISR      		CODE           	1C66	0000	12
		_TMR2_Initialize		CODE           	1CE1	0000	17
		_TMR2_SetInterruptHandler		CODE           	1C35	0000	8
		_TMR2_DefaultInterruptHandler		CODE           	0800	0000	1
		_TMR2_StartTimer		CODE           	0802	0000	3

mcc_generated_files/tmr2.c estimated size: 41

mcc_generated_files/interrupt_manager.c
		_INTERRUPT_InterruptManager		CODE           	0004	0000	57

mcc_generated_files/interrupt_manager.c estimated size: 57

C:\Program Files\Microchip\xc8\v2.46\pic\sources\c99\common\Umul8.c
		___bmul        		CODE           	1CD0	0000	17

C:\Program Files\Microchip\xc8\v2.46\pic\sources\c99\common\Umul8.c estimated size: 17

mcc_generated_files/pin_manager.c
		_IOCAF5_SetInterruptHandler		CODE           	1C05	0000	8
		_PIN_MANAGER_Initialize		CODE           	1FD0	0000	48
		_IOCAF4_DefaultInterruptHandler		CODE           	1084	0000	1
		_IOCAF4_ISR    		CODE           	1C7E	0000	13
		_IOCAF5_DefaultInterruptHandler		CODE           	1085	0000	1
		_IOCAF5_ISR    		CODE           	1C8B	0000	13
		_PIN_MANAGER_IOC		CODE           	1C50	0000	11
		_IOCAF4_SetInterruptHandler		CODE           	1BFD	0000	8

mcc_generated_files/pin_manager.c estimated size: 103

C:\Program Files\Microchip\xc8\v2.46\pic\sources\c99\common\strlen.c
		_strlen        		CODE           	1D42	0000	22

C:\Program Files\Microchip\xc8\v2.46\pic\sources\c99\common\strlen.c estimated size: 22

C:\Program Files\Microchip\xc8\v2.46\pic\sources\c99\common\memset.c
		_memset        		CODE           	1DB7	0000	24

C:\Program Files\Microchip\xc8\v2.46\pic\sources\c99\common\memset.c estimated size: 24

C:\Program Files\Microchip\xc8\v2.46\pic\sources\c99\common\doprnt.c
		_read_prec_or_width		CODE           	140C	0000	91
		_vfpfcnvrt     		CODE           	04D5	0000	250
		_pad           		CODE           	1210	0000	67
		_ctoa          		CODE           	1467	0000	97
		_vfprintf      		CODE           	1FA7	0000	41
		_xtoa          		CODE           	1795	0000	107

C:\Program Files\Microchip\xc8\v2.46\pic\sources\c99\common\doprnt.c estimated size: 653

usb/usb_device.c
		_USBCtrlTrfInHandler		CODE           	09B0	0000	123
		_USBTransferOnePacket		CODE           	0B29	0000	128
		_USBDeviceAttach		CODE           	1DCF	0000	25
		_USBStdGetDscHandler		CODE           	0937	0000	121
		_USBCtrlEPAllowDataStage		CODE           	15F3	0000	103
		_USBStdFeatureReqHandler		CODE           	02B6	0000	288
		_USBCtrlEPAllowStatusStage		CODE           	0853	0000	114
		_USBCtrlTrfSetupHandler		CODE           	1324	0000	72
		_USBCtrlTrfOutHandler		CODE           	1119	0000	58
		_USBCtrlEPServiceComplete		CODE           	0CB6	0000	142
		_USBSuspend    		CODE           	1D9F	0000	24
		_USBStdSetCfgHandler		CODE           	08C5	0000	114
		_USBStdGetStatusHandler		CODE           	13B7	0000	85
		_USBWakeFromSuspend		CODE           	1E55	0000	29
		_USBCtrlTrfRxService		CODE           	0E93	0000	179
		_USBCtrlTrfTxService		CODE           	158C	0000	103
		_USBEnableEndpoint		CODE           	1E92	0000	32
		_USBConfigureEndpoint		CODE           	1190	0000	63
		_USBDeviceInit 		CODE           	0DE7	0000	172
		_USBIncrement1msInternalTimers		CODE           	1D58	0000	23
		_USBCtrlEPService		CODE           	12DD	0000	71
		_USBStallHandler		CODE           	1F13	0000	34
		_USBDeviceTasks		CODE           	06C3	0000	211
		_USBCheckStdRequest		CODE           	172A	0000	107

usb/usb_device.c estimated size: 2421

app_device_keyboard.c
		_APP_KeyboardProcessOutputReport		CODE           	1BE8	0000	3
		_APP_KeyboardInit		CODE           	136C	0000	75
		_USBHIDCBSetIdleRateHandler		CODE           	1C98	0000	13
		_USBHIDCBSetReportHandler		CODE           	1CA5	0000	13
		_APP_KeyboardTasks		CODE           	007F	0000	567
		_USBHIDCBSetReportComplete		CODE           	1BEE	0000	7

app_device_keyboard.c estimated size: 678

shared
		_configDescriptor1		STRCODE        	1873	0000	41
		_USB_CD_Ptr    		STRCODE        	18DD	0000	2
		_sd001         		STRCODE        	183F	0000	52
		i1_GenericQueue_IsFull		CODE           	1D05	0000	20
		_sd002         		STRCODE        	189C	0000	28
		i1_USBDeviceInit		CODE           	0D44	0000	163
		i1___wmul      		CODE           	1DE8	0000	27
		__initialization		CODE           	003F	0000	60
		i1___awmod     		CODE           	1253	0000	69
		_device_dsc    		STRCODE        	18B8	0000	18
		i1_GenericQueue_Enqueue		CODE           	165A	0000	104
		_ps2UsbMap     		STRCODE        	1000	0000	132
		_USB_SD_Ptr    		STRCODE        	18D3	0000	6
		_hid_rpt01     		STRCODE        	1800	0000	63
		i1_memset      		CODE           	1D87	0000	24
		i1_GenericQueue_Init		CODE           	1EB2	0000	32
		_sd000         		STRCODE        	18D9	0000	4
		_ps2ExtUsbMap  		STRCODE        	03D6	0000	255
		i1_memcpy      		CODE           	1F35	0000	38
		i1_USBTransferOnePacket		CODE           	0AA9	0000	128
		i1_APP_KeyboardProcessOutputReport		CODE           	0002	0000	2

shared estimated size: 1268

C:\Program Files\Microchip\xc8\v2.46\pic\sources\c99\common\putch.c
		_putch         		CODE           	0801	0000	1

C:\Program Files\Microchip\xc8\v2.46\pic\sources\c99\common\putch.c estimated size: 1

C:\Program Files\Microchip\xc8\v2.46\pic\sources\c99\common\Umul16.c
		___wmul        		CODE           	1E03	0000	27

C:\Program Files\Microchip\xc8\v2.46\pic\sources\c99\common\Umul16.c estimated size: 27

usb/usb_events.c
		_USER_USB_CALLBACK_EVENT_HANDLER		CODE           	1153	0000	61

usb/usb_events.c estimated size: 61

mcc_generated_files/mcc.c
		_WDT_Initialize		CODE           	1BEB	0000	3
		_OSCILLATOR_Initialize		CODE           	1CB2	0000	13
		_SYSTEM_Initialize		CODE           	1D2D	0000	21

mcc_generated_files/mcc.c estimated size: 37

C:\Program Files\Microchip\xc8\v2.46\pic\sources\c99\common\nf_fputs.c
		_fputs         		CODE           	1EF2	0000	33

C:\Program Files\Microchip\xc8\v2.46\pic\sources\c99\common\nf_fputs.c estimated size: 33

C:\Program Files\Microchip\xc8\v2.46\pic\sources\c99\common\memcmp.c
		_memcmp        		CODE           	10A8	0000	55

C:\Program Files\Microchip\xc8\v2.46\pic\sources\c99\common\memcmp.c estimated size: 55

C:\Program Files\Microchip\xc8\v2.46\pic\sources\c99\common\memcpy.c
		_memcpy        		CODE           	1F5B	0000	38

C:\Program Files\Microchip\xc8\v2.46\pic\sources\c99\common\memcpy.c estimated size: 38

C:\Program Files\Microchip\xc8\v2.46\pic\sources\c99\common\awmod.c
		___awmod       		CODE           	1298	0000	69

C:\Program Files\Microchip\xc8\v2.46\pic\sources\c99\common\awmod.c estimated size: 69

ps2usb.c
		_PS2USB_ScanCodeToUSBHID		CODE           	1086	0000	34

ps2usb.c estimated size: 34

mcc_generated_files/eusart.c
		_EUSART_SetRxInterruptHandler		CODE           	1C25	0000	8
		_EUSART_SetTxInterruptHandler		CODE           	1C2D	0000	8
		_EUSART_DefaultOverrunErrorHandler		CODE           	1BE5	0000	3
		_EUSART_Write  		CODE           	1F81	0000	38
		_EUSART_DefaultErrorHandler		CODE           	1BE2	0000	3
		_EUSART_Transmit_ISR		CODE           	1E72	0000	32
		_EUSART_Initialize		CODE           	11CF	0000	65
		_EUSART_SetFramingErrorHandler		CODE           	1C15	0000	8
		_EUSART_SetErrorHandler		CODE           	1C0D	0000	8
		_EUSART_SetOverrunErrorHandler		CODE           	1C1D	0000	8
		_EUSART_Receive_ISR		CODE           	10DF	0000	58
		_EUSART_RxDataHandler		CODE           	1D6F	0000	24
		_EUSART_DefaultFramingErrorHandler		CODE           	1BE1	0000	1
		_EUSART_is_tx_ready		CODE           	1BF5	0000	8

mcc_generated_files/eusart.c estimated size: 272

main.c
		_main          		CODE           	0BA9	0000	132

main.c estimated size: 132

