Microchip MPLAB XC8 Compiler V2.46

Linker command line:

-W-3 \
  --edf=C:\Program Files\Microchip\xc8\v2.46\pic\dat\20240104201356_en.msgs \
  -cn -h+dist/default/production\at2usbClassic.X.production.sym \
  --cmf=dist/default/production\at2usbClassic.X.production.cmf -z -Q16F1459 \
  -oC:\Users\BOJANS~1\AppData\Local\Temp\xcAsqvc.\driver_tmp_3.o \
  --defsym=__MPLAB_BUILD=1 --fixupoverflow=error \
  -Mdist/default/production/at2usbClassic.X.production.map \
  --md=C:\Users\BOJANS~1\AppData\Local\Temp\xcAsqvc.\driver_tmp_0.dat -E1 \
  -ver=XC8 Compiler --acfsm=1493 -ACODE=00h-07FFhx4 -ASTRCODE=00h-01FFFh \
  -ASTRING=00h-0FFhx32 -ACONST=00h-0FFhx32 -AENTRY=00h-0FFhx32 \
  -ACOMMON=070h-07Fh -ABANK0=020h-06Fh -ABANK1=0A0h-0EFh \
  -ABANK2=0120h-016Fh -ABANK3=01A0h-01EFh -ABANK4=0220h-026Fh \
  -ABANK5=02A0h-02EFh -ABANK6=0320h-036Fh -ABANK7=03A0h-03EFh \
  -ABANK8=0420h-046Fh -ABANK9=04A0h-04EFh -ABANK10=0520h-056Fh \
  -ABANK11=05A0h-05EFh -ABANK12=0620h-064Fh -ABIGRAM=02000h-023EFh \
  -ARAM=020h-06Fh,0A0h-0EFh,0120h-016Fh,01A0h-01EFh,0220h-026Fh,02A0h-02EFh,0320h-036Fh,03A0h-03EFh,0420h-046Fh,04A0h-04EFh,0520h-056Fh,05A0h-05EFh,0620h-064Fh \
  -AABS1=020h-07Fh,0A0h-0EFh,0120h-016Fh,01A0h-01EFh,0220h-026Fh,02A0h-02EFh,0320h-036Fh,03A0h-03EFh,0420h-046Fh,04A0h-04EFh,0520h-056Fh,05A0h-05EFh,0620h-064Fh \
  -ASFR0=00h-01Fh -ASFR1=080h-09Fh -ASFR2=0100h-011Fh -ASFR3=0180h-019Fh \
  -ASFR4=0200h-021Fh -ASFR5=0280h-029Fh -ASFR6=0300h-031Fh \
  -ASFR7=0380h-039Fh -ASFR8=0400h-041Fh -ASFR9=0480h-049Fh \
  -ASFR10=0500h-051Fh -ASFR11=0580h-059Fh -ASFR12=0600h-061Fh \
  -ASFR13=0680h-06EFh -ASFR14=0700h-076Fh -ASFR15=0780h-07EFh \
  -ASFR16=0800h-086Fh -ASFR17=0880h-08EFh -ASFR18=0900h-096Fh \
  -ASFR19=0980h-09EFh -ASFR20=0A00h-0A6Fh -ASFR21=0A80h-0AEFh \
  -ASFR22=0B00h-0B6Fh -ASFR23=0B80h-0BEFh -ASFR24=0C00h-0C6Fh \
  -ASFR25=0C80h-0CEFh -ASFR26=0D00h-0D6Fh -ASFR27=0D80h-0DEFh \
  -ASFR28=0E00h-0E6Fh -ASFR29=0E80h-0EEFh -ASFR30=0F00h-0F6Fh \
  -ASFR31=0F80h-0FEFh -ACONFIG=08007h-08008h -DCONFIG=2 \
  -AIDLOC=08000h-08003h -DIDLOC=2 -DCODE=2 -DSTRCODE=2 -DSTRING=2 -DCONST=2 \
  -DENTRY=2 -preset_vec=00h,intentry=04h,sivt,init,end_init -ppowerup=CODE \
  -pcinit=CODE -pfunctab=ENTRY -k \
  C:\Users\BOJANS~1\AppData\Local\Temp\xcAsqvc.\driver_tmp_12.o \
  dist/default/production\at2usbClassic.X.production.o 

Object code version is 3.11

Machine type is 16F1459



                Name                               Link     Load   Length Selector   Space Scale
C:\Users\BOJANS~1\AppData\Local\Temp\xcAsqvc.\driver_tmp_12.o
                end_init                             3D       3D        2        8       0
                reset_vec                             0        0        2        0       0
                config                             8007     8007        2        0       4
dist/default/production\at2usbClassic.X.production.o
                cinit                                3F       3F       49        8       0
                intentry                              4        4       39        8       0
                config                             8007     8007        2        0       4
                text102                            10E2     10E2       18     21C4       0
                text101                            1EA5     1EA5        3     3D4A       0
                text100                            1EA4     1EA4        1     3D48       0
                text99                             1EB1     1EB1        4     3D62       0
                text98                             13C1     13C1       3A     2782       0
                text97                             1206     1206       1F     240C       0
                text96                             1F09     1F09        9     3E12       0
                text95                             1FEC     1FEC       14     3FD8       0
                text94                             14B1     14B1       45     2962       0
                text93                             1145     1145       1B     228A       0
                text92                             130E     130E       26     261C       0
                text91                              87E      87E       68     10FC       0
                text90                              502      502       F5      A04       0
                text89                                2        2        1        0       0
                text88                             1F55     1F55        D     3EAA       0
                text87                             1F96     1F96       10     3F2C       0
                text86                                3        3        1        6       0
                text85                             1F62     1F62        D     3EC4       0
                text84                             1F1C     1F1C        B     3E38       0
                text83                              7FF      7FF        1      A04       0
                text82                             1084     1084        9     2108       0
                text81                             1F3D     1F3D        C     3E7A       0
                text80                             1734     1734       65     2E68       0
                text79                             112B     112B       1A     2256       0
                text78                             1F12     1F12        A     3E24       0
                text77                             1EBB     1EBB        7     3D76       0
                text76                              B77      B77       7B     16EE       0
                text75                              A8C      A8C       72     1518       0
                text74                              F4D      F4D       B3     1E9A       0
                text73                             13FB     13FB       3A     27F6       0
                text72                             1472     1472       3F     28E4       0
                text71                             1244     1244       20     2488       0
                text70                             1264     1264       20     24C8       0
                text69                              C70      C70       80     18E0       0
                text68                             15CB     15CB       50     2B96       0
                text67                             1F6F     1F6F        D     3EDE       0
                text66                             1F7C     1F7C        D     3EF8       0
                text65                              BF2      BF2       7E     17E4       0
                text64                             1435     1435       3D     286A       0
                text63                              1D3      1D3      120        8       0
                text62                              AFE      AFE       79     15FC       0
                text61                             161B     161B       55     2C36       0
                text60                             10B6     10B6       16     216C       0
                text59                              A20      A20       6C     1440       0
                text58                              94E      94E       69     129C       0
                text57                             1799     1799       67     2F32       0
                text56                              D70      D70       8E     1AE0       0
                text55                             1582     1582       49     2B04       0
                text54                             153B     153B       47     2A76       0
                text53                              800      800       17     1000       0
                text52                             12A4     12A4       22     2548       0
                text51                             10FA     10FA       18     21F4       0
                text50                             11E9     11E9       1D     23D2       0
                text49                              DFE      DFE       A3     1BFC       0
                text48                              6EB      6EB       D3      A04       0
                text46                             11B1     11B1       1C     2362       0
                text45                             1F27     1F27        B     3E4E       0
                text44                             1FD9     1FD9       13     3FB2       0
                text43                             14F6     14F6       45     29EC       0
                text42                             1160     1160       1B     22C0       0
                text41                             138A     138A       37     2714       0
                text40                             1670     1670       62     2CE0       0
                text39                             108D     108D       14     211A       0
                text38                             1334     1334       26     2668       0
                text37                              8E6      8E6       68     11CC       0
                text36                              5F7      5F7       F4      A04       0
                text35                             1EA8     1EA8        3     3D50       0
                text34                             1225     1225       1F     244A       0
                text33                               88       88      14B        8       0
                text32                             1FA6     1FA6       11     3F4C       0
                text31                             16D2     16D2       62     2DA4       0
                text30                              CF0      CF0       80     19E0       0
                text29                             10CC     10CC       16     2198       0
                text28                              2F3      2F3      110        8       0
                text27                             12C6     12C6       23     258C       0
                text26                             1EC2     1EC2        7     3D84       0
                text25                             117B     117B       1B     22F6       0
                text24                             1FB7     1FB7       11     3F6E       0
                text23                             12E9     12E9       25     25D2       0
                text22                              9B7      9B7       69     136E       0
                text21                             11CD     11CD       1C     239A       0
                text20                             1284     1284       20     2508       0
                text19                             1EC9     1EC9        8     3D92       0
                text18                             1ED1     1ED1        8     3DA2       0
                text17                             1196     1196       1B     232C       0
                text16                             1ED9     1ED9        8     3DB2       0
                text15                             1EE1     1EE1        8     3DC2       0
                text14                             1EE9     1EE9        8     3DD2       0
                text13                             1EF1     1EF1        8     3DE2       0
                text12                             1EF9     1EF9        8     3DF2       0
                text11                              7BE      7BE       41      A04       0
                text10                             1F89     1F89        D     3F12       0
                text9                              135A     135A       30     26B4       0
                text8                              1F01     1F01        8     3E02       0
                text7                              1FC8     1FC8       11     3F90       0
                text6                              1112     1112       19     2224       0
                text5                               EA1      EA1       AC     1D42       0
                text4                              1EAB     1EAB        3     3D56       0
                text3                              10A1     10A1       15     2142       0
                text2                              1EAE     1EAE        3     3D5C       0
                text1                              1F32     1F32        B     3E64       0
                maintext                            817      817       67     102E       0
                cstackBANK0                          50       50       11       50       1
                cstackCOMMON                         70       70        E       70       1
                cstackBANK1                          A8       A8       40       A8       1
                clrtext                            1F49     1F49        C     3E92       0
                dataBANK3                           1C7      1C7        6      1A0       1
                bssBANK3                            1A0      1A0       27      1A0       1
                bssBANK2                            121      121       49      121       1
                bssBANK1                             E8       E8        8       A8       1
                bssBANK0                             61       61        F       50       1
                nvBANK2                             16A      16A        4      121       1
                stringtext10                       18D0     18D0        4     3000       0
                stringtext9                        18B8     18B8       12     3000       0
                stringtext8                        189C     189C       1C     3000       0
                stringtext7                        1873     1873       29     3000       0
                stringtext6                        183F     183F       34     3000       0
                stringtext5                        1800     1800       3F     3000       0
                stringtext4                        18D4     18D4        2     3000       0
                stringtext3                        18CA     18CA        6     3000       0
                stringtext2                        1000     1000       84     2000       0
                stringtext1                         403      403       FF      806       0
                idataBANK3                         1EB5     1EB5        6     3D6A       0

TOTAL           Name                               Link     Load   Length     Space
        CLASS   CODE           
                end_init                             3D       3D        2         0
                cinit                                3F       3F       49         0
                intentry                              4        4       39         0
                reset_vec                             0        0        2         0
                text102                            10E2     10E2       18         0
                text101                            1EA5     1EA5        3         0
                text100                            1EA4     1EA4        1         0
                text99                             1EB1     1EB1        4         0
                text98                             13C1     13C1       3A         0
                text97                             1206     1206       1F         0
                text96                             1F09     1F09        9         0
                text95                             1FEC     1FEC       14         0
                text94                             14B1     14B1       45         0
                text93                             1145     1145       1B         0
                text92                             130E     130E       26         0
                text91                              87E      87E       68         0
                text90                              502      502       F5         0
                text89                                2        2        1         0
                text88                             1F55     1F55        D         0
                text87                             1F96     1F96       10         0
                text86                                3        3        1         0
                text85                             1F62     1F62        D         0
                text84                             1F1C     1F1C        B         0
                text83                              7FF      7FF        1         0
                text82                             1084     1084        9         0
                text81                             1F3D     1F3D        C         0
                text80                             1734     1734       65         0
                text79                             112B     112B       1A         0
                text78                             1F12     1F12        A         0
                text77                             1EBB     1EBB        7         0
                text76                              B77      B77       7B         0
                text75                              A8C      A8C       72         0
                text74                              F4D      F4D       B3         0
                text73                             13FB     13FB       3A         0
                text72                             1472     1472       3F         0
                text71                             1244     1244       20         0
                text70                             1264     1264       20         0
                text69                              C70      C70       80         0
                text68                             15CB     15CB       50         0
                text67                             1F6F     1F6F        D         0
                text66                             1F7C     1F7C        D         0
                text65                              BF2      BF2       7E         0
                text64                             1435     1435       3D         0
                text63                              1D3      1D3      120         0
                text62                              AFE      AFE       79         0
                text61                             161B     161B       55         0
                text60                             10B6     10B6       16         0
                text59                              A20      A20       6C         0
                text58                              94E      94E       69         0
                text57                             1799     1799       67         0
                text56                              D70      D70       8E         0
                text55                             1582     1582       49         0
                text54                             153B     153B       47         0
                text53                              800      800       17         0
                text52                             12A4     12A4       22         0
                text51                             10FA     10FA       18         0
                text50                             11E9     11E9       1D         0
                text49                              DFE      DFE       A3         0
                text48                              6EB      6EB       D3         0
                text46                             11B1     11B1       1C         0
                text45                             1F27     1F27        B         0
                text44                             1FD9     1FD9       13         0
                text43                             14F6     14F6       45         0
                text42                             1160     1160       1B         0
                text41                             138A     138A       37         0
                text40                             1670     1670       62         0
                text39                             108D     108D       14         0
                text38                             1334     1334       26         0
                text37                              8E6      8E6       68         0
                text36                              5F7      5F7       F4         0
                text35                             1EA8     1EA8        3         0
                text34                             1225     1225       1F         0
                text33                               88       88      14B         0
                text32                             1FA6     1FA6       11         0
                text31                             16D2     16D2       62         0
                text30                              CF0      CF0       80         0
                text29                             10CC     10CC       16         0
                text28                              2F3      2F3      110         0
                text27                             12C6     12C6       23         0
                text26                             1EC2     1EC2        7         0
                text25                             117B     117B       1B         0
                text24                             1FB7     1FB7       11         0
                text23                             12E9     12E9       25         0
                text22                              9B7      9B7       69         0
                text21                             11CD     11CD       1C         0
                text20                             1284     1284       20         0
                text19                             1EC9     1EC9        8         0
                text18                             1ED1     1ED1        8         0
                text17                             1196     1196       1B         0
                text16                             1ED9     1ED9        8         0
                text15                             1EE1     1EE1        8         0
                text14                             1EE9     1EE9        8         0
                text13                             1EF1     1EF1        8         0
                text12                             1EF9     1EF9        8         0
                text11                              7BE      7BE       41         0
                text10                             1F89     1F89        D         0
                text9                              135A     135A       30         0
                text8                              1F01     1F01        8         0
                text7                              1FC8     1FC8       11         0
                text6                              1112     1112       19         0
                text5                               EA1      EA1       AC         0
                text4                              1EAB     1EAB        3         0
                text3                              10A1     10A1       15         0
                text2                              1EAE     1EAE        3         0
                text1                              1F32     1F32        B         0
                maintext                            817      817       67         0
                clrtext                            1F49     1F49        C         0
                idataBANK3                         1EB5     1EB5        6         0

        CLASS   STRCODE        
                stringtext10                       18D0     18D0        4         0
                stringtext9                        18B8     18B8       12         0
                stringtext8                        189C     189C       1C         0
                stringtext7                        1873     1873       29         0
                stringtext6                        183F     183F       34         0
                stringtext5                        1800     1800       3F         0
                stringtext4                        18D4     18D4        2         0
                stringtext3                        18CA     18CA        6         0
                stringtext2                        1000     1000       84         0
                stringtext1                         403      403       FF         0

        CLASS   STRING         

        CLASS   CONST          

        CLASS   ENTRY          

        CLASS   COMMON         
                cstackCOMMON                         70       70        E         1

        CLASS   BANK0          
                cstackBANK0                          50       50       11         1
                bssBANK0                             61       61        F         1

        CLASS   BANK1          
                cstackBANK1                          A8       A8       40         1
                bssBANK1                             E8       E8        8         1

        CLASS   BANK2          
                bssBANK2                            121      121       49         1
                nvBANK2                             16A      16A        4         1

        CLASS   BANK3          
                dataBANK3                           1C7      1C7        6         1
                bssBANK3                            1A0      1A0       27         1

        CLASS   BANK4          

        CLASS   BANK5          

        CLASS   BANK6          

        CLASS   BANK7          

        CLASS   BANK8          

        CLASS   BANK9          

        CLASS   BANK10         

        CLASS   BANK11         

        CLASS   BANK12         

        CLASS   BIGRAM         

        CLASS   RAM            

        CLASS   ABS1           
                abs_s1                               20       20       30         1
                abs_s1                               7E       7E        2         1
                abs_s1                               A0       A0        8         1
                abs_s1                              120      120        1         1
                abs_s1                              52C      52C       44         1
                abs_s1                              5A0      5A0       50         1
                abs_s1                              620      620       30         1
                abs_s1                             232C     232C        0         1
                abs_s1                             2391     2391        0         1

        CLASS   SFR0           

        CLASS   SFR1           

        CLASS   SFR2           

        CLASS   SFR3           

        CLASS   SFR4           

        CLASS   SFR5           

        CLASS   SFR6           

        CLASS   SFR7           

        CLASS   SFR8           

        CLASS   SFR9           

        CLASS   SFR10          

        CLASS   SFR11          

        CLASS   SFR12          

        CLASS   SFR13          

        CLASS   SFR14          

        CLASS   SFR15          

        CLASS   SFR16          

        CLASS   SFR17          

        CLASS   SFR18          

        CLASS   SFR19          

        CLASS   SFR20          

        CLASS   SFR21          

        CLASS   SFR22          

        CLASS   SFR23          

        CLASS   SFR24          

        CLASS   SFR25          

        CLASS   SFR26          

        CLASS   SFR27          

        CLASS   SFR28          

        CLASS   SFR29          

        CLASS   SFR30          

        CLASS   SFR31          

        CLASS   CONFIG         
                config                             8007     8007        2         4

        CLASS   IDLOC          

        CLASS   BANK31         

        CLASS   BANK30         

        CLASS   BANK29         

        CLASS   BANK28         

        CLASS   BANK27         

        CLASS   BANK26         

        CLASS   BANK25         

        CLASS   BANK24         

        CLASS   BANK23         

        CLASS   BANK22         

        CLASS   BANK21         

        CLASS   BANK20         

        CLASS   BANK19         

        CLASS   BANK18         

        CLASS   BANK17         

        CLASS   BANK16         

        CLASS   BANK15         

        CLASS   BANK14         

        CLASS   BANK13         

        CLASS   HEAP           

        CLASS   STACK          

        CLASS   EEDATA         



SEGMENTS        Name                           Load    Length   Top    Selector   Space  Class     Delta

                reset_vec                      000000  000003  000003         0       0  CODE        2
                text86                         000003  000001  000004         6       0  CODE        2
                intentry                       000004  0003FF  000403         8       0  CODE        2
                cstackBANK0                    000050  000020  000070        50       1  BANK0       1
                cstackCOMMON                   000070  00000E  00007E        70       1  COMMON      1
                cstackBANK1                    0000A8  000048  0000F0        A8       1  BANK1       1
                bssBANK2                       000121  00004D  00016E       121       1  BANK2       1
                bssBANK3                       0001A0  00002D  0001CD       1A0       1  BANK3       1
                stringtext1                    000403  0000FF  000502       806       0  STRCODE     2
                text90                         000502  0002FE  000800       A04       0  CODE        2
                text53                         000800  000017  000817      1000       0  CODE        2
                maintext                       000817  000067  00087E      102E       0  CODE        2
                text91                         00087E  000068  0008E6      10FC       0  CODE        2
                text37                         0008E6  000068  00094E      11CC       0  CODE        2
                text58                         00094E  000069  0009B7      129C       0  CODE        2
                text22                         0009B7  000069  000A20      136E       0  CODE        2
                text59                         000A20  00006C  000A8C      1440       0  CODE        2
                text75                         000A8C  000072  000AFE      1518       0  CODE        2
                text62                         000AFE  000079  000B77      15FC       0  CODE        2
                text76                         000B77  00007B  000BF2      16EE       0  CODE        2
                text65                         000BF2  00007E  000C70      17E4       0  CODE        2
                text69                         000C70  000080  000CF0      18E0       0  CODE        2
                text30                         000CF0  000080  000D70      19E0       0  CODE        2
                text56                         000D70  00008E  000DFE      1AE0       0  CODE        2
                text49                         000DFE  0000A3  000EA1      1BFC       0  CODE        2
                text5                          000EA1  0000AC  000F4D      1D42       0  CODE        2
                text74                         000F4D  0000B3  001000      1E9A       0  CODE        2
                stringtext2                    001000  000084  001084      2000       0  STRCODE     2
                text82                         001084  000009  00108D      2108       0  CODE        2
                text39                         00108D  000014  0010A1      211A       0  CODE        2
                text3                          0010A1  000015  0010B6      2142       0  CODE        2
                text60                         0010B6  000016  0010CC      216C       0  CODE        2
                text29                         0010CC  000016  0010E2      2198       0  CODE        2
                text102                        0010E2  000018  0010FA      21C4       0  CODE        2
                text51                         0010FA  000018  001112      21F4       0  CODE        2
                text6                          001112  000019  00112B      2224       0  CODE        2
                text79                         00112B  00001A  001145      2256       0  CODE        2
                text93                         001145  00001B  001160      228A       0  CODE        2
                text42                         001160  00001B  00117B      22C0       0  CODE        2
                text25                         00117B  00001B  001196      22F6       0  CODE        2
                text17                         001196  00001B  0011B1      232C       0  CODE        2
                text46                         0011B1  00001C  0011CD      2362       0  CODE        2
                text21                         0011CD  00001C  0011E9      239A       0  CODE        2
                text50                         0011E9  00001D  001206      23D2       0  CODE        2
                text97                         001206  00001F  001225      240C       0  CODE        2
                text34                         001225  00001F  001244      244A       0  CODE        2
                text71                         001244  000020  001264      2488       0  CODE        2
                text70                         001264  000020  001284      24C8       0  CODE        2
                text20                         001284  000020  0012A4      2508       0  CODE        2
                text52                         0012A4  000022  0012C6      2548       0  CODE        2
                text27                         0012C6  000023  0012E9      258C       0  CODE        2
                text23                         0012E9  000025  00130E      25D2       0  CODE        2
                text92                         00130E  000026  001334      261C       0  CODE        2
                text38                         001334  000026  00135A      2668       0  CODE        2
                text9                          00135A  000030  00138A      26B4       0  CODE        2
                text41                         00138A  000037  0013C1      2714       0  CODE        2
                text98                         0013C1  00003A  0013FB      2782       0  CODE        2
                text73                         0013FB  00003A  001435      27F6       0  CODE        2
                text64                         001435  00003D  001472      286A       0  CODE        2
                text72                         001472  00003F  0014B1      28E4       0  CODE        2
                text94                         0014B1  000045  0014F6      2962       0  CODE        2
                text43                         0014F6  000045  00153B      29EC       0  CODE        2
                text54                         00153B  000047  001582      2A76       0  CODE        2
                text55                         001582  000049  0015CB      2B04       0  CODE        2
                text68                         0015CB  000050  00161B      2B96       0  CODE        2
                text61                         00161B  000055  001670      2C36       0  CODE        2
                text40                         001670  000062  0016D2      2CE0       0  CODE        2
                text31                         0016D2  000062  001734      2DA4       0  CODE        2
                text80                         001734  000065  001799      2E68       0  CODE        2
                text57                         001799  000067  001800      2F32       0  CODE        2
                stringtext5                    001800  0000D6  0018D6      3000       0  STRCODE     2
                text100                        001EA4  000001  001EA5      3D48       0  CODE        2
                text101                        001EA5  000003  001EA8      3D4A       0  CODE        2
                text35                         001EA8  000003  001EAB      3D50       0  CODE        2
                text4                          001EAB  000003  001EAE      3D56       0  CODE        2
                text2                          001EAE  000003  001EB1      3D5C       0  CODE        2
                text99                         001EB1  000004  001EB5      3D62       0  CODE        2
                idataBANK3                     001EB5  000006  001EBB      3D6A       0  CODE        2
                text77                         001EBB  000007  001EC2      3D76       0  CODE        2
                text26                         001EC2  000007  001EC9      3D84       0  CODE        2
                text19                         001EC9  000008  001ED1      3D92       0  CODE        2
                text18                         001ED1  000008  001ED9      3DA2       0  CODE        2
                text16                         001ED9  000008  001EE1      3DB2       0  CODE        2
                text15                         001EE1  000008  001EE9      3DC2       0  CODE        2
                text14                         001EE9  000008  001EF1      3DD2       0  CODE        2
                text13                         001EF1  000008  001EF9      3DE2       0  CODE        2
                text12                         001EF9  000008  001F01      3DF2       0  CODE        2
                text8                          001F01  000008  001F09      3E02       0  CODE        2
                text96                         001F09  000009  001F12      3E12       0  CODE        2
                text78                         001F12  00000A  001F1C      3E24       0  CODE        2
                text84                         001F1C  00000B  001F27      3E38       0  CODE        2
                text45                         001F27  00000B  001F32      3E4E       0  CODE        2
                text1                          001F32  00000B  001F3D      3E64       0  CODE        2
                text81                         001F3D  00000C  001F49      3E7A       0  CODE        2
                clrtext                        001F49  00000C  001F55      3E92       0  CODE        2
                text88                         001F55  00000D  001F62      3EAA       0  CODE        2
                text85                         001F62  00000D  001F6F      3EC4       0  CODE        2
                text67                         001F6F  00000D  001F7C      3EDE       0  CODE        2
                text66                         001F7C  00000D  001F89      3EF8       0  CODE        2
                text10                         001F89  00000D  001F96      3F12       0  CODE        2
                text87                         001F96  000010  001FA6      3F2C       0  CODE        2
                text32                         001FA6  000011  001FB7      3F4C       0  CODE        2
                text24                         001FB7  000011  001FC8      3F6E       0  CODE        2
                text7                          001FC8  000011  001FD9      3F90       0  CODE        2
                text44                         001FD9  000013  001FEC      3FB2       0  CODE        2
                text95                         001FEC  000014  002000      3FD8       0  CODE        2


UNUSED ADDRESS RANGES

        Name                Unused          Largest block    Delta
        BANK10           00520-0052B               C           1
        BANK2            0016E-0016F               2           1
        BANK3            001CD-001EF              23           1
        BANK4            00220-0026F              50           1
        BANK5            002A0-002EF              50           1
        BANK6            00320-0036F              50           1
        BANK7            003A0-003EF              50           1
        BANK8            00420-0046F              50           1
        BANK9            004A0-004EF              50           1
        BIGRAM           02000-023EF             3F0           1
        CODE             018D6-01EA3             5CE           2
        CONST            018D6-01EA3             100           2
        ENTRY            018D6-01EA3             100           2
        IDLOC            08000-08003               4           2
        RAM              0016E-0016F               2           1
                         001CD-001EF              23
                         00220-0026F              50
                         002A0-002EF              50
                         00320-0036F              50
                         003A0-003EF              50
                         00420-0046F              50
                         004A0-004EF              50
                         00520-0052B               C
        SFR0             00000-0001F              20           1
        SFR1             00080-0009F              20           1
        SFR10            00500-0051F              20           1
        SFR11            00580-0059F              20           1
        SFR12            00600-0061F              20           1
        SFR13            00680-006EF              70           1
        SFR14            00700-0076F              70           1
        SFR15            00780-007EF              70           1
        SFR16            00800-0086F              70           1
        SFR17            00880-008EF              70           1
        SFR18            00900-0096F              70           1
        SFR19            00980-009EF              70           1
        SFR2             00100-0011F              20           1
        SFR20            00A00-00A6F              70           1
        SFR21            00A80-00AEF              70           1
        SFR22            00B00-00B6F              70           1
        SFR23            00B80-00BEF              70           1
        SFR24            00C00-00C6F              70           1
        SFR25            00C80-00CEF              70           1
        SFR26            00D00-00D6F              70           1
        SFR27            00D80-00DEF              70           1
        SFR28            00E00-00E6F              70           1
        SFR29            00E80-00EEF              70           1
        SFR3             00180-0019F              20           1
        SFR30            00F00-00F6F              70           1
        SFR31            00F80-00FEF              70           1
        SFR4             00200-0021F              20           1
        SFR5             00280-0029F              20           1
        SFR6             00300-0031F              20           1
        SFR7             00380-0039F              20           1
        SFR8             00400-0041F              20           1
        SFR9             00480-0049F              20           1
        STRCODE          018D6-01EA3             5CE           2
        STRING           018D6-01EA3             100           2

                                  Symbol Table

?_GenericQueue_IsEmpty                         cstackBANK1  000A8
?_GenericQueue_IsFull                          cstackBANK1  000A8
?_SysTime_GetCurrentTimeMs                     cstackCOMMON 00070
?_USBTransferOnePacket                         cstackBANK1  000A8
?___awmod                                      cstackBANK1  000A8
?___wmul                                       cstackBANK1  000AF
?_memcmp                                       cstackBANK1  000B5
?i1_GenericQueue_IsFull                        cstackCOMMON 00070
?i1_USBTransferOnePacket                       cstackCOMMON 00070
?i1___awmod                                    cstackCOMMON 00070
?i1___wmul                                     cstackCOMMON 00070
APP_KeyboardTasks@TimeDeltaMilliseconds        cstackBANK1  000D5
APP_KeyboardTasks@i                            cstackBANK1  000D7
APP_KeyboardTasks@needToSendNewReportPacket    cstackBANK1  000D4
APP_KeyboardTasks@scanCode                     cstackBANK1  000D3
APP_KeyboardUpdateState@leds                   cstackBANK1  000CB
APP_KeyboardUpdateState@scanCode               cstackBANK1  000D0
APP_KeyboardUpdateState@usbHidCode             cstackBANK1  000CC
APP_KeyboardUpdateState@usbHidCode_2928        cstackBANK1  000CE
APP_KeyboardUpdateState@usbHidCode_2929        cstackBANK1  000CD
APP_KeyboardUpdateState@usbHidCode_2937        cstackBANK1  000CF
EUSART_SetErrorHandler@interruptHandler        cstackBANK1  000A8
EUSART_SetFramingErrorHandler@interruptHandler cstackBANK1  000A8
EUSART_SetOverrunErrorHandler@interruptHandler cstackBANK1  000A8
EUSART_SetRxInterruptHandler@interruptHandler  cstackBANK1  000A8
EUSART_SetTxInterruptHandler@interruptHandler  cstackBANK1  000A8
EUSART_Write@txData                            cstackBANK1  000A9
GenericQueue_Contains@i                        cstackBANK1  000C5
GenericQueue_Contains@item                     cstackBANK1  000C0
GenericQueue_Contains@q                        cstackBANK1  000BE
GenericQueue_CopyToArray@array                 cstackBANK1  000C2
GenericQueue_CopyToArray@count                 cstackBANK1  000C8
GenericQueue_CopyToArray@index                 cstackBANK1  000C7
GenericQueue_CopyToArray@q                     cstackBANK1  000C0
GenericQueue_Dequeue@item                      cstackBANK1  000C2
GenericQueue_Dequeue@q                         cstackBANK1  000C0
GenericQueue_Enqueue@item                      cstackBANK1  000C2
GenericQueue_Enqueue@q                         cstackBANK1  000C0
GenericQueue_Init@element_size                 cstackBANK1  000AA
GenericQueue_Init@q                            cstackBANK1  000A8
GenericQueue_IsEmpty@q                         cstackBANK1  000A8
GenericQueue_IsFull@q                          cstackBANK1  000A8
GenericQueue_Remove@i                          cstackBANK1  000C7
GenericQueue_Remove@item                       cstackBANK1  000C2
GenericQueue_Remove@j                          cstackBANK1  000C8
GenericQueue_Remove@q                          cstackBANK1  000C0
IOCAF4_SetInterruptHandler@InterruptHandler    cstackBANK1  000A8
IOCAF5_SetInterruptHandler@InterruptHandler    cstackBANK1  000A8
Log_Message@buf                                cstackBANK1  000AC
Log_Message@bufSize                            cstackBANK1  000AA
Log_Message@i                                  cstackBANK1  000AD
Log_UtilityConvertByteToHex@buf                cstackBANK1  000AC
Log_UtilityConvertByteToHex@bufSize            cstackBANK1  000AD
Log_UtilityConvertByteToHex@byte               cstackBANK1  000B0
Log_UtilityConvertByteToHex@d0                 cstackBANK1  000AF
Log_UtilityConvertByteToHex@d1                 cstackBANK1  000B1
PS2Keyboard_ClockInterrupt@bit                 cstackCOMMON 0007D
PS2Keyboard_ClockInterrupt@bitPos              cstackCOMMON 0007C
PS2Keyboard_GetScanCode@ret                    cstackBANK1  000C8
PS2Keyboard_GetScanCode@scanCode               cstackBANK1  000C7
PS2Keyboard_SendCommand@cmd                    cstackBANK1  000A8
PS2USB_ScanCodeToUSBHID@scanCode               cstackBANK1  000A8
TMR2_SetInterruptHandler@InterruptHandler      cstackBANK1  000A8
USBConfigureEndpoint@EPNum                     cstackCOMMON 00075
USBConfigureEndpoint@direction                 cstackCOMMON 00070
USBConfigureEndpoint@handle                    cstackCOMMON 00076
USBCtrlTrfInHandler@lastDTS                    cstackCOMMON 00077
USBCtrlTrfRxService@byteToRead                 cstackCOMMON 00079
USBCtrlTrfRxService@i                          cstackCOMMON 00078
USBCtrlTrfTxService@byteToSend                 cstackCOMMON 00072
USBDeviceInit@i                                cstackBANK1  000AF
USBDeviceInit@i_1369                           cstackBANK1  000AE
USBDeviceInit@p                                cstackBANK1  000AC
USBDeviceTasks@i                               cstackBANK0  00060
USBEnableEndpoint@ep                           cstackCOMMON 0007C
USBEnableEndpoint@options                      cstackCOMMON 00077
USBEnableEndpoint@p                            cstackCOMMON 0007A
USBHIDCBSetIdleRateHandler@newIdleRate         cstackCOMMON 00070
USBHIDCBSetIdleRateHandler@reportID            cstackCOMMON 00073
USBStdFeatureReqHandler@current_ep_data        cstackBANK0  0005A
USBStdFeatureReqHandler@p                      cstackBANK0  0005B
USBStdFeatureReqHandler@pUEP                   cstackBANK0  00058
USBStdGetStatusHandler@p                       cstackCOMMON 00070
USBStdSetCfgHandler@i                          cstackBANK0  00059
USBStdSetCfgHandler@i_2097                     cstackBANK0  00058
USBStdSetCfgHandler@p                          cstackBANK0  00056
USBTransferOnePacket@data                      cstackBANK1  000A9
USBTransferOnePacket@dir                       cstackBANK1  000A8
USBTransferOnePacket@ep                        cstackBANK1  000B0
USBTransferOnePacket@handle                    cstackBANK1  000B1
USBTransferOnePacket@len                       cstackBANK1  000AB
USER_USB_CALLBACK_EVENT_HANDLER@event          cstackBANK0  00050
USER_USB_CALLBACK_EVENT_HANDLER@pdata          cstackBANK0  00052
USER_USB_CALLBACK_EVENT_HANDLER@size           cstackBANK0  00054
_ACTCON                                        (abs)        0039B
_ANSELA                                        (abs)        0018C
_ANSELB                                        (abs)        0018D
_ANSELC                                        (abs)        0018E
_APFCON                                        (abs)        0011D
_APP_KeyboardInit                              text68       015CB
_APP_KeyboardProcessOutputReport               text45       01F27
_APP_KeyboardTasks                             text28       002F3
_APP_KeyboardUpdateState                       text33       00088
_BAUDCON                                       (abs)        0019F
_BDT                                           (abs)        00020
_BORCON                                        (abs)        00116
_BothEP0OutUOWNsSet                            bssBANK2     0015B
_CtrlTrfData                                   (abs)        00048
_EUSART_DefaultErrorHandler                    text101      01EA5
_EUSART_DefaultFramingErrorHandler             text100      01EA4
_EUSART_DefaultOverrunErrorHandler             text99       01EB1
_EUSART_ErrorHandler                           bssBANK2     0013E
_EUSART_FramingErrorHandler                    bssBANK2     00142
_EUSART_Initialize                             text11       007BE
_EUSART_OverrunErrorHandler                    bssBANK2     00140
_EUSART_Receive_ISR                            text98       013C1
_EUSART_RxDataHandler                          text102      010E2
_EUSART_RxDefaultInterruptHandler              bssBANK2     00146
_EUSART_SetErrorHandler                        text16       01ED9
_EUSART_SetFramingErrorHandler                 text15       01EE1
_EUSART_SetOverrunErrorHandler                 text14       01EE9
_EUSART_SetRxInterruptHandler                  text13       01EF1
_EUSART_SetTxInterruptHandler                  text12       01EF9
_EUSART_Transmit_ISR                           text97       01206
_EUSART_TxDefaultInterruptHandler              bssBANK2     00148
_EUSART_Write                                  text27       012C6
_EUSART_is_tx_ready                            text26       01EC2
_GenericQueue_Contains                         text40       01670
_GenericQueue_CopyToArray                      text31       016D2
_GenericQueue_Dequeue                          text22       009B7
_GenericQueue_Enqueue                          text37       008E6
_GenericQueue_Init                             text20       01284
_GenericQueue_IsEmpty                          text44       01FD9
_GenericQueue_IsFull                           text39       0108D
_GenericQueue_Remove                           text36       005F7
_INTCONbits                                    (abs)        0000B
_INTERRUPT_InterruptManager                    intentry     00004
_IOCAF4_DefaultInterruptHandler                text89       00002
_IOCAF4_ISR                                    text88       01F55
_IOCAF4_InterruptHandler                       nvBANK2      0016C
_IOCAF4_SetInterruptHandler                    text19       01EC9
_IOCAF5_DefaultInterruptHandler                text86       00003
_IOCAF5_ISR                                    text85       01F62
_IOCAF5_InterruptHandler                       nvBANK2      0016A
_IOCAF5_SetInterruptHandler                    text18       01ED1
_IOCAFbits                                     (abs)        00393
_IOCANbits                                     (abs)        00392
_IOCAPbits                                     (abs)        00391
_LATA                                          (abs)        0010C
_LATAbits                                      (abs)        0010C
_LATB                                          (abs)        0010D
_LATC                                          (abs)        0010E
_LocalSOFCount                                 bssBANK2     00136
_Log_Message                                   text25       0117B
_Log_UtilityConvertByteToHex                   text23       012E9
_OPTION_REGbits                                (abs)        00095
_OSCCON                                        (abs)        00099
_OSCILLATOR_Initialize                         text10       01F89
_OSCTUNE                                       (abs)        00098
_OldSOFCount                                   bssBANK2     00134
_PIE1bits                                      (abs)        00091
_PIE2bits                                      (abs)        00092
_PIN_MANAGER_IOC                               text84       01F1C
_PIN_MANAGER_Initialize                        text9        0135A
_PIR1bits                                      (abs)        00011
_PIR2bits                                      (abs)        00012
_PLLRDY                                        (abs)        004D6
_PORTAbits                                     (abs)        0000C
_PR2                                           (abs)        0001B
_PS2Keyboard_ClockInterrupt                    text90       00502
_PS2Keyboard_DataInterrupt                     text87       01F96
_PS2Keyboard_GetLastCommand                    text35       01EA8
_PS2Keyboard_GetScanCode                       text21       011CD
_PS2Keyboard_Init                              text17       01196
_PS2Keyboard_SendCommand                       text46       011B1
_PS2USB_ScanCodeToUSBHID                       text34       01225
_RCREG                                         (abs)        00199
_RCSTA                                         (abs)        0019D
_RCSTAbits                                     (abs)        0019D
_RemoteWakeup                                  bssBANK2     0015E
_SOFCounter                                    bssBANK0     00065
_SPBRGH                                        (abs)        0019C
_SPBRGL                                        (abs)        0019B
_SYSTEM_Initialize                             text3        010A1
_SetupPkt                                      (abs)        00040
_SysTimeInterrupt                              text82       01084
_SysTime_GetCurrentTimeMs                      text96       01F09
_SysTime_Init                                  text1        01F32
_T2CON                                         (abs)        0001C
_T2CONbits                                     (abs)        0001C
_TMR2                                          (abs)        0001A
_TMR2_DefaultInterruptHandler                  text83       007FF
_TMR2_ISR                                      text81       01F3D
_TMR2_Initialize                               text7        01FC8
_TMR2_InterruptHandler                         bssBANK2     00144
_TMR2_SetInterruptHandler                      text8        01F01
_TMR2_StartTimer                               text2        01EAE
_TRISA                                         (abs)        0008C
_TRISAbits                                     (abs)        0008C
_TRISB                                         (abs)        0008D
_TRISC                                         (abs)        0008E
_TXREG                                         (abs)        0019A
_TXSTA                                         (abs)        0019E
_UADDR                                         (abs)        00E96
_UCFG                                          (abs)        00E91
_UCON                                          (abs)        00E8E
_UCONbits                                      (abs)        00E8E
_UEIE                                          (abs)        00E97
_UEIR                                          (abs)        00E93
_UEP0                                          (abs)        00E98
_UEP0bits                                      (abs)        00E98
_UEP1                                          (abs)        00E99
_UIE                                           (abs)        00E92
_UIEbits                                       (abs)        00E92
_UIR                                           (abs)        00E90
_UIRbits                                       (abs)        00E90
_USB1msTickCount                               bssBANK3     001C0
_USBActiveConfiguration                        bssBANK0     0006F
_USBAlternateInterface                         bssBANK0     0006E
_USBBusIsSuspended                             bssBANK2     0015D
_USBCheckHIDRequest                            text65       00BF2
_USBCheckStdRequest                            text58       0094E
_USBConfigureEndpoint                          text72       01472
_USBCtrlEPAllowDataStage                       text57       01799
_USBCtrlEPAllowStatusStage                     text75       00A8C
_USBCtrlEPService                              text54       0153B
_USBCtrlEPServiceComplete                      text56       00D70
_USBCtrlTrfInHandler                           text76       00B77
_USBCtrlTrfOutHandler                          text73       013FB
_USBCtrlTrfRxService                           text74       00F4D
_USBCtrlTrfSetupHandler                        text55       01582
_USBCtrlTrfTxService                           text80       01734
_USBDeferINDataStagePackets                    bssBANK2     00156
_USBDeferOUTDataStagePackets                   bssBANK2     00155
_USBDeferStatusStagePacket                     bssBANK2     00159
_USBDeviceAttach                               text6        01112
_USBDeviceInit                                 text5        00EA1
_USBDeviceState                                bssBANK0     0006C
_USBDeviceTasks                                text48       006EB
_USBEnableEndpoint                             text71       01244
_USBHIDCBSetIdleRateHandler                    text67       01F6F
_USBHIDCBSetReportComplete                     text77       01EBB
_USBHIDCBSetReportHandler                      text66       01F7C
_USBIncrement1msInternalTimers                 text53       00800
_USBStallHandler                               text52       012A4
_USBStatusStageEnabledFlag1                    bssBANK2     00158
_USBStatusStageEnabledFlag2                    bssBANK2     00157
_USBStatusStageTimeoutCounter                  bssBANK2     0015A
_USBStdFeatureReqHandler                       text63       001D3
_USBStdGetDscHandler                           text62       00AFE
_USBStdGetStatusHandler                        text61       0161B
_USBStdSetCfgHandler                           text59       00A20
_USBSuspend                                    text51       010FA
_USBTicksSinceSuspendEnd                       bssBANK2     00154
_USBTransferOnePacket                          text30       00CF0
_USBWakeFromSuspend                            text50       011E9
_USB_CD_Ptr                                    stringtext4  018D4
_USB_SD_Ptr                                    stringtext3  018CA
_USER_USB_CALLBACK_EVENT_HANDLER               text64       01435
_USTAT                                         (abs)        00E8F
_USTATcopy                                     bssBANK0     0006D
_WDTCON                                        (abs)        00097
_WDT_Initialize                                text4        01EAB
_WPUA                                          (abs)        0020C
_WPUB                                          (abs)        0020D
__H__absolute__                                __absolute__ 00000
__Habs1                                        abs1         00000
__Hbank0                                       bank0        00000
__Hbank1                                       bank1        00000
__Hbank10                                      bank10       00000
__Hbank11                                      bank11       00000
__Hbank12                                      bank12       00000
__Hbank13                                      bank13       00000
__Hbank14                                      bank14       00000
__Hbank15                                      bank15       00000
__Hbank16                                      bank16       00000
__Hbank17                                      bank17       00000
__Hbank18                                      bank18       00000
__Hbank19                                      bank19       00000
__Hbank2                                       bank2        00000
__Hbank20                                      bank20       00000
__Hbank21                                      bank21       00000
__Hbank22                                      bank22       00000
__Hbank23                                      bank23       00000
__Hbank24                                      bank24       00000
__Hbank25                                      bank25       00000
__Hbank26                                      bank26       00000
__Hbank27                                      bank27       00000
__Hbank28                                      bank28       00000
__Hbank29                                      bank29       00000
__Hbank3                                       bank3        00000
__Hbank30                                      bank30       00000
__Hbank31                                      bank31       00000
__Hbank4                                       bank4        00000
__Hbank5                                       bank5        00000
__Hbank6                                       bank6        00000
__Hbank7                                       bank7        00000
__Hbank8                                       bank8        00000
__Hbank9                                       bank9        00000
__Hbigram                                      bigram       00000
__HbssBANK0                                    bssBANK0     00000
__HbssBANK1                                    bssBANK1     00000
__HbssBANK2                                    bssBANK2     00000
__HbssBANK3                                    bssBANK3     00000
__Hcinit                                       cinit        00088
__Hclrtext                                     clrtext      00000
__Hcode                                        code         00000
__Hcommon                                      common       00000
__Hconfig                                      config       08009
__HcstackBANK0                                 cstackBANK0  00000
__HcstackBANK1                                 cstackBANK1  00000
__HcstackCOMMON                                cstackCOMMON 00000
__HdataBANK3                                   dataBANK3    00000
__Heeprom_data                                 eeprom_data  00000
__Hend_init                                    end_init     0003F
__Hfunctab                                     functab      00000
__Hheap                                        heap         00000
__HidataBANK3                                  idataBANK3   00000
__Hinit                                        init         0003D
__Hintentry                                    intentry     0003D
__Hmaintext                                    maintext     00000
__HnvBANK2                                     nvBANK2      00000
__Hpowerup                                     powerup      00000
__Hram                                         ram          00000
__Hreset_vec                                   reset_vec    00002
__Hsfr0                                        sfr0         00000
__Hsfr1                                        sfr1         00000
__Hsfr10                                       sfr10        00000
__Hsfr11                                       sfr11        00000
__Hsfr12                                       sfr12        00000
__Hsfr13                                       sfr13        00000
__Hsfr14                                       sfr14        00000
__Hsfr15                                       sfr15        00000
__Hsfr16                                       sfr16        00000
__Hsfr17                                       sfr17        00000
__Hsfr18                                       sfr18        00000
__Hsfr19                                       sfr19        00000
__Hsfr2                                        sfr2         00000
__Hsfr20                                       sfr20        00000
__Hsfr21                                       sfr21        00000
__Hsfr22                                       sfr22        00000
__Hsfr23                                       sfr23        00000
__Hsfr24                                       sfr24        00000
__Hsfr25                                       sfr25        00000
__Hsfr26                                       sfr26        00000
__Hsfr27                                       sfr27        00000
__Hsfr28                                       sfr28        00000
__Hsfr29                                       sfr29        00000
__Hsfr3                                        sfr3         00000
__Hsfr30                                       sfr30        00000
__Hsfr31                                       sfr31        00000
__Hsfr4                                        sfr4         00000
__Hsfr5                                        sfr5         00000
__Hsfr6                                        sfr6         00000
__Hsfr7                                        sfr7         00000
__Hsfr8                                        sfr8         00000
__Hsfr9                                        sfr9         00000
__Hsivt                                        sivt         0003D
__Hspace_0                                     (abs)        02000
__Hspace_1                                     (abs)        001CD
__Hspace_2                                     (abs)        00000
__Hspace_3                                     (abs)        00000
__Hspace_4                                     (abs)        10010
__Hstack                                       stack        00000
__Hstrings                                     strings      00000
__Hstringtext1                                 stringtext1  00000
__Hstringtext10                                stringtext10 00000
__Hstringtext2                                 stringtext2  00000
__Hstringtext3                                 stringtext3  00000
__Hstringtext4                                 stringtext4  00000
__Hstringtext5                                 stringtext5  00000
__Hstringtext6                                 stringtext6  00000
__Hstringtext7                                 stringtext7  00000
__Hstringtext8                                 stringtext8  00000
__Hstringtext9                                 stringtext9  00000
__Htext                                        text         00000
__L__absolute__                                __absolute__ 00000
__Labs1                                        abs1         00000
__Lbank0                                       bank0        00000
__Lbank1                                       bank1        00000
__Lbank10                                      bank10       00000
__Lbank11                                      bank11       00000
__Lbank12                                      bank12       00000
__Lbank13                                      bank13       00000
__Lbank14                                      bank14       00000
__Lbank15                                      bank15       00000
__Lbank16                                      bank16       00000
__Lbank17                                      bank17       00000
__Lbank18                                      bank18       00000
__Lbank19                                      bank19       00000
__Lbank2                                       bank2        00000
__Lbank20                                      bank20       00000
__Lbank21                                      bank21       00000
__Lbank22                                      bank22       00000
__Lbank23                                      bank23       00000
__Lbank24                                      bank24       00000
__Lbank25                                      bank25       00000
__Lbank26                                      bank26       00000
__Lbank27                                      bank27       00000
__Lbank28                                      bank28       00000
__Lbank29                                      bank29       00000
__Lbank3                                       bank3        00000
__Lbank30                                      bank30       00000
__Lbank31                                      bank31       00000
__Lbank4                                       bank4        00000
__Lbank5                                       bank5        00000
__Lbank6                                       bank6        00000
__Lbank7                                       bank7        00000
__Lbank8                                       bank8        00000
__Lbank9                                       bank9        00000
__Lbigram                                      bigram       00000
__LbssBANK0                                    bssBANK0     00000
__LbssBANK1                                    bssBANK1     00000
__LbssBANK2                                    bssBANK2     00000
__LbssBANK3                                    bssBANK3     00000
__Lcinit                                       cinit        0003F
__Lclrtext                                     clrtext      00000
__Lcode                                        code         00000
__Lcommon                                      common       00000
__Lconfig                                      config       00000
__LcstackBANK0                                 cstackBANK0  00000
__LcstackBANK1                                 cstackBANK1  00000
__LcstackCOMMON                                cstackCOMMON 00000
__LdataBANK3                                   dataBANK3    00000
__Leeprom_data                                 eeprom_data  00000
__Lend_init                                    end_init     0003D
__Lfunctab                                     functab      00000
__Lheap                                        heap         00000
__LidataBANK3                                  idataBANK3   00000
__Linit                                        init         0003D
__Lintentry                                    intentry     00004
__Lmaintext                                    maintext     00000
__LnvBANK2                                     nvBANK2      00000
__Lpowerup                                     powerup      00000
__Lram                                         ram          00000
__Lreset_vec                                   reset_vec    00000
__Lsfr0                                        sfr0         00000
__Lsfr1                                        sfr1         00000
__Lsfr10                                       sfr10        00000
__Lsfr11                                       sfr11        00000
__Lsfr12                                       sfr12        00000
__Lsfr13                                       sfr13        00000
__Lsfr14                                       sfr14        00000
__Lsfr15                                       sfr15        00000
__Lsfr16                                       sfr16        00000
__Lsfr17                                       sfr17        00000
__Lsfr18                                       sfr18        00000
__Lsfr19                                       sfr19        00000
__Lsfr2                                        sfr2         00000
__Lsfr20                                       sfr20        00000
__Lsfr21                                       sfr21        00000
__Lsfr22                                       sfr22        00000
__Lsfr23                                       sfr23        00000
__Lsfr24                                       sfr24        00000
__Lsfr25                                       sfr25        00000
__Lsfr26                                       sfr26        00000
__Lsfr27                                       sfr27        00000
__Lsfr28                                       sfr28        00000
__Lsfr29                                       sfr29        00000
__Lsfr3                                        sfr3         00000
__Lsfr30                                       sfr30        00000
__Lsfr31                                       sfr31        00000
__Lsfr4                                        sfr4         00000
__Lsfr5                                        sfr5         00000
__Lsfr6                                        sfr6         00000
__Lsfr7                                        sfr7         00000
__Lsfr8                                        sfr8         00000
__Lsfr9                                        sfr9         00000
__Lsivt                                        sivt         0003D
__Lspace_0                                     (abs)        00000
__Lspace_1                                     (abs)        00000
__Lspace_2                                     (abs)        00000
__Lspace_3                                     (abs)        00000
__Lspace_4                                     (abs)        00000
__Lstack                                       stack        00000
__Lstrings                                     strings      00000
__Lstringtext1                                 stringtext1  00000
__Lstringtext10                                stringtext10 00000
__Lstringtext2                                 stringtext2  00000
__Lstringtext3                                 stringtext3  00000
__Lstringtext4                                 stringtext4  00000
__Lstringtext5                                 stringtext5  00000
__Lstringtext6                                 stringtext6  00000
__Lstringtext7                                 stringtext7  00000
__Lstringtext8                                 stringtext8  00000
__Lstringtext9                                 stringtext9  00000
__Ltext                                        text         00000
__S0                                           (abs)        02000
__S1                                           (abs)        001CD
___awmod                                       text43       014F6
___awmod@counter                               cstackBANK1  000AD
___awmod@dividend                              cstackBANK1  000AA
___awmod@divisor                               cstackBANK1  000A8
___awmod@sign                                  cstackBANK1  000AE
___bmul                                        text32       01FA6
___bmul@multiplicand                           cstackBANK1  000A8
___bmul@multiplier                             cstackBANK1  000AB
___bmul@product                                cstackBANK1  000AA
___heap_hi                                     (abs)        00000
___heap_lo                                     (abs)        00000
___int_sp                                      stack        00000
___int_stack_hi                                stack        00000
___int_stack_lo                                stack        00000
___latbits                                     (abs)        00002
___sp                                          stack        00000
___stack_hi                                    stack        00000
___stack_lo                                    stack        00000
___stackhi                                     (abs)        00000
___stacklo                                     (abs)        00000
___wmul                                        text42       01160
___wmul@multiplicand                           cstackBANK1  000B1
___wmul@multiplier                             cstackBANK1  000AF
___wmul@product                                cstackBANK1  000B3
__end_of_APP_KeyboardInit                      text68       0161B
__end_of_APP_KeyboardProcessOutputReport       text45       01F32
__end_of_APP_KeyboardTasks                     text28       00403
__end_of_APP_KeyboardUpdateState               text33       001D3
__end_of_EUSART_DefaultErrorHandler            text101      01EA8
__end_of_EUSART_DefaultFramingErrorHandler     text100      01EA5
__end_of_EUSART_DefaultOverrunErrorHandler     text99       01EB5
__end_of_EUSART_Initialize                     text11       007FF
__end_of_EUSART_Receive_ISR                    text98       013FB
__end_of_EUSART_RxDataHandler                  text102      010FA
__end_of_EUSART_SetErrorHandler                text16       01EE1
__end_of_EUSART_SetFramingErrorHandler         text15       01EE9
__end_of_EUSART_SetOverrunErrorHandler         text14       01EF1
__end_of_EUSART_SetRxInterruptHandler          text13       01EF9
__end_of_EUSART_SetTxInterruptHandler          text12       01F01
__end_of_EUSART_Transmit_ISR                   text97       01225
__end_of_EUSART_Write                          text27       012E9
__end_of_EUSART_is_tx_ready                    text26       01EC9
__end_of_GenericQueue_Contains                 text40       016D2
__end_of_GenericQueue_CopyToArray              text31       01734
__end_of_GenericQueue_Dequeue                  text22       00A20
__end_of_GenericQueue_Enqueue                  text37       0094E
__end_of_GenericQueue_Init                     text20       012A4
__end_of_GenericQueue_IsEmpty                  text44       01FEC
__end_of_GenericQueue_IsFull                   text39       010A1
__end_of_GenericQueue_Remove                   text36       006EB
__end_of_INTERRUPT_InterruptManager            intentry     0003D
__end_of_IOCAF4_DefaultInterruptHandler        text89       00003
__end_of_IOCAF4_ISR                            text88       01F62
__end_of_IOCAF4_SetInterruptHandler            text19       01ED1
__end_of_IOCAF5_DefaultInterruptHandler        text86       00004
__end_of_IOCAF5_ISR                            text85       01F6F
__end_of_IOCAF5_SetInterruptHandler            text18       01ED9
__end_of_Log_Message                           text25       01196
__end_of_Log_UtilityConvertByteToHex           text23       0130E
__end_of_OSCILLATOR_Initialize                 text10       01F96
__end_of_PIN_MANAGER_IOC                       text84       01F27
__end_of_PIN_MANAGER_Initialize                text9        0138A
__end_of_PS2Keyboard_ClockInterrupt            text90       005F7
__end_of_PS2Keyboard_DataInterrupt             text87       01FA6
__end_of_PS2Keyboard_GetLastCommand            text35       01EAB
__end_of_PS2Keyboard_GetScanCode               text21       011E9
__end_of_PS2Keyboard_Init                      text17       011B1
[...]
__ptext60                                      text60       010B6
__ptext61                                      text61       0161B
__ptext62                                      text62       00AFE
__ptext63                                      text63       001D3
__ptext64                                      text64       01435
__ptext65                                      text65       00BF2
__ptext66                                      text66       01F7C
__ptext67                                      text67       01F6F
__ptext68                                      text68       015CB
__ptext69                                      text69       00C70
__ptext7                                       text7        01FC8
__ptext70                                      text70       01264
__ptext71                                      text71       01244
__ptext72                                      text72       01472
__ptext73                                      text73       013FB
__ptext74                                      text74       00F4D
__ptext75                                      text75       00A8C
__ptext76                                      text76       00B77
__ptext77                                      text77       01EBB
__ptext78                                      text78       01F12
__ptext79                                      text79       0112B
__ptext8                                       text8        01F01
__ptext80                                      text80       01734
__ptext81                                      text81       01F3D
__ptext82                                      text82       01084
__ptext83                                      text83       007FF
__ptext84                                      text84       01F1C
__ptext85                                      text85       01F62
__ptext86                                      text86       00003
__ptext87                                      text87       01F96
__ptext88                                      text88       01F55
__ptext89                                      text89       00002
__ptext9                                       text9        0135A
__ptext90                                      text90       00502
__ptext91                                      text91       0087E
__ptext92                                      text92       0130E
__ptext93                                      text93       01145
__ptext94                                      text94       014B1
__ptext95                                      text95       01FEC
__ptext96                                      text96       01F09
__ptext97                                      text97       01206
__ptext98                                      text98       013C1
__ptext99                                      text99       01EB1
_active_protocol                               bssBANK2     00168
_configDescriptor1                             stringtext7  01873
_controlTransferState                          bssBANK0     0006A
_device_dsc                                    stringtext9  018B8
_endpoint_number                               bssBANK2     0015C
_ep_data_in                                    bssBANK2     0013C
_ep_data_out                                   bssBANK2     0013A
_eusartRxBuffer                                bssBANK3     001B0
_eusartRxCount                                 bssBANK2     00161
_eusartRxHead                                  bssBANK1     000EE
_eusartRxLastError                             bssBANK2     00160
_eusartRxStatusBuffer                          bssBANK3     001A8
_eusartRxTail                                  bssBANK2     00162
_eusartTxBuffer                                bssBANK3     001B8
_eusartTxBufferRemaining                       bssBANK1     000EF
_eusartTxHead                                  bssBANK2     00164
_eusartTxTail                                  bssBANK2     00163
_hex2str                                       text24       01FB7
_hid_rpt01                                     stringtext5  01800
_idle_rate                                     bssBANK2     00169
_inPipes                                       bssBANK1     000E8
_inputReport                                   (abs)        000A0
_keyboard                                      (abs)        0232C
_keyboardCommand                               bssBANK2     0014C
_keyboardCommandBits                           bssBANK2     0014B
_keyboardCommandCount                          bssBANK0     00069
_keyboardCommandOnes                           bssBANK2     0014A
_keyboardData                                  bssBANK2     0014F
_keyboardIdleRate                              bssBANK2     00138
_keyboardIndexData                             bssBANK2     00152
_keyboardIsBreak                               bssBANK2     0014D
_keyboardIsExtend                              bssBANK2     0014E
_keyboardOnesCount                             bssBANK2     00151
_keyboardScanCode                              bssBANK2     00165
_keyboardScanCodeQueue                         (abs)        02391
_keyboardScanCodeValid                         bssBANK2     00150
_keyboardState                                 bssBANK2     00153
_main                                          maintext     00817
_main$2652                                     cstackBANK1  000DF
_main$2653                                     cstackBANK1  000E1
_memcmp                                        text41       0138A
_memcpy                                        text38       01334
_memset                                        text29       010CC
_oldInputReport                                bssBANK3     001A0
_outPipes                                      bssBANK2     00121
_outputReport                                  (abs)        00120
_pBDTEntryEP0OutCurrent                        bssBANK0     0006B
_pBDTEntryEP0OutNext                           bssBANK0     00067
_pBDTEntryIn                                   bssBANK0     00061
_pBDTEntryOut                                  bssBANK2     00130
_pDst                                          bssBANK2     0015F
_prevTimeMs                                    bssBANK2     0012C
_ps2ExtUsbMap                                  stringtext1  00403
_ps2UsbMap                                     stringtext2  01000
_sd000                                         stringtext10 018D0
_sd001                                         stringtext6  0183F
_sd002                                         stringtext8  0189C
_shortPacketStatus                             bssBANK1     000ED
_timeMs                                        bssBANK2     00128
btemp                                          (abs)        0007E
clear_ram0                                     clrtext      01F49
end_of_initialization                          cinit        00084
hex2str@val                                    cstackBANK1  000A8
i1GenericQueue_Enqueue@item                    cstackBANK0  00057
i1GenericQueue_Enqueue@q                       cstackBANK0  00055
i1GenericQueue_Init@element_size               cstackCOMMON 00072
i1GenericQueue_Init@q                          cstackCOMMON 00070
i1GenericQueue_IsFull@q                        cstackCOMMON 00070
i1PS2Keyboard_SendCommand@cmd                  cstackCOMMON 00070
i1USBDeviceInit@i                              cstackCOMMON 00077
i1USBDeviceInit@i_1369                         cstackCOMMON 00076
i1USBDeviceInit@p                              cstackCOMMON 00074
i1USBTransferOnePacket@data                    cstackCOMMON 00071
i1USBTransferOnePacket@dir                     cstackCOMMON 00070
i1USBTransferOnePacket@ep                      cstackCOMMON 00078
i1USBTransferOnePacket@handle                  cstackCOMMON 00079
i1USBTransferOnePacket@len                     cstackCOMMON 00073
i1_APP_KeyboardProcessOutputReport             text78       01F12
i1_GenericQueue_Enqueue                        text91       0087E
i1_GenericQueue_Init                           text70       01264
i1_GenericQueue_IsFull                         text95       01FEC
i1_PS2Keyboard_SendCommand                     text79       0112B
i1_USBDeviceInit                               text49       00DFE
i1_USBTransferOnePacket                        text69       00C70
i1___awmod                                     text94       014B1
i1___awmod@counter                             cstackCOMMON 00075
i1___awmod@dividend                            cstackCOMMON 00072
i1___awmod@divisor                             cstackCOMMON 00070
i1___awmod@sign                                cstackCOMMON 00076
i1___wmul                                      text93       01145
i1___wmul@multiplicand                         cstackCOMMON 00072
i1___wmul@multiplier                           cstackCOMMON 00070
i1___wmul@product                              cstackCOMMON 00074
i1_memcpy                                      text92       0130E
i1_memset                                      text60       010B6
i1memcpy@d                                     cstackBANK0  00050
i1memcpy@d1                                    cstackCOMMON 00076
i1memcpy@n                                     cstackCOMMON 0007A
i1memcpy@s                                     cstackBANK0  00052
i1memcpy@s1                                    cstackCOMMON 00078
i1memcpy@tmp                                   cstackBANK0  00054
i1memset@c                                     cstackCOMMON 00070
i1memset@dest                                  cstackCOMMON 00075
i1memset@n                                     cstackCOMMON 00072
i1memset@p                                     cstackCOMMON 00076
int$flags                                      (abs)        0007E
intlevel0                                      functab      00000
intlevel1                                      functab      00000
intlevel2                                      functab      00000
intlevel3                                      functab      00000
intlevel4                                      functab      00000
intlevel5                                      functab      00000
main@F3448                                     bssBANK3     001C4
main@F3452                                     dataBANK3    001C7
main@hndlScanCode                              cstackBANK1  000E4
main@scanCode                                  cstackBANK1  000E5
main@scanCodeStr                               cstackBANK1  000D9
main@scanCodeValid                             cstackBANK1  000E3
memcmp@l                                       cstackBANK1  000BB
memcmp@n                                       cstackBANK1  000B8
memcmp@r                                       cstackBANK1  000BD
memcmp@vl                                      cstackBANK1  000B5
memcmp@vr                                      cstackBANK1  000B7
memcpy@d                                       cstackBANK1  000BB
memcpy@d1                                      cstackBANK1  000B5
memcpy@n                                       cstackBANK1  000B9
memcpy@s                                       cstackBANK1  000BD
memcpy@s1                                      cstackBANK1  000B7
memcpy@tmp                                     cstackBANK1  000BF
memset@c                                       cstackBANK1  000A8
memset@dest                                    cstackBANK1  000AE
memset@n                                       cstackBANK1  000AA
memset@p                                       cstackBANK1  000AD
reset_vec                                      reset_vec    00000
start                                          init         0003D
start_initialization                           cinit        0003F
wtemp0                                         (abs)        0007E


MODULE INFORMATION

Module		Function		Class		Link	Load	Size
systime.c
		_SysTime_GetCurrentTimeMs		CODE           	1F09	0000	9
		_SysTime_Init  		CODE           	1F32	0000	11
		_SysTimeInterrupt		CODE           	1084	0000	9

systime.c estimated size: 29

ps2_keyboard.c
		_PS2Keyboard_ClockInterrupt		CODE           	0502	0000	245
		_PS2Keyboard_SendCommand		CODE           	11B1	0000	28
		_PS2Keyboard_GetScanCode		CODE           	11CD	0000	28
		_PS2Keyboard_GetLastCommand		CODE           	1EA8	0000	3
		_PS2Keyboard_Init		CODE           	1196	0000	27
		_PS2Keyboard_DataInterrupt		CODE           	1F96	0000	16

ps2_keyboard.c estimated size: 347

usb/usb_device_hid.c
		_USBCheckHIDRequest		CODE           	0BF2	0000	126

usb/usb_device_hid.c estimated size: 126

generic_queue.c
		_GenericQueue_IsEmpty		CODE           	1FD9	0000	19
		_GenericQueue_IsFull		CODE           	108D	0000	20
		_GenericQueue_CopyToArray		CODE           	16D2	0000	98
		_GenericQueue_Remove		CODE           	05F7	0000	244
		_GenericQueue_Contains		CODE           	1670	0000	98
		_GenericQueue_Dequeue		CODE           	09B7	0000	105
		_GenericQueue_Enqueue		CODE           	08E6	0000	104
		_GenericQueue_Init		CODE           	1284	0000	32

generic_queue.c estimated size: 720

mcc_generated_files/tmr2.c
		_TMR2_ISR      		CODE           	1F3D	0000	12
		_TMR2_Initialize		CODE           	1FC8	0000	17
		_TMR2_SetInterruptHandler		CODE           	1F01	0000	8
		_TMR2_DefaultInterruptHandler		CODE           	07FF	0000	1
		_TMR2_StartTimer		CODE           	1EAE	0000	3

mcc_generated_files/tmr2.c estimated size: 41

mcc_generated_files/interrupt_manager.c
		_INTERRUPT_InterruptManager		CODE           	0004	0000	57

mcc_generated_files/interrupt_manager.c estimated size: 57

log.c
		_Log_Message   		CODE           	117B	0000	27
		_Log_UtilityConvertByteToHex		CODE           	12E9	0000	37
		_hex2str       		CODE           	1FB7	0000	17

log.c estimated size: 81

C:\Program Files\Microchip\xc8\v2.46\pic\sources\c99\common\Umul8.c
		___bmul        		CODE           	1FA6	0000	17

C:\Program Files\Microchip\xc8\v2.46\pic\sources\c99\common\Umul8.c estimated size: 17

mcc_generated_files/pin_manager.c
		_IOCAF5_SetInterruptHandler		CODE           	1ED1	0000	8
		_PIN_MANAGER_Initialize		CODE           	135A	0000	48
		_IOCAF4_DefaultInterruptHandler		CODE           	0002	0000	1
		_IOCAF4_ISR    		CODE           	1F55	0000	13
		_IOCAF5_DefaultInterruptHandler		CODE           	0003	0000	1
		_IOCAF5_ISR    		CODE           	1F62	0000	13
		_PIN_MANAGER_IOC		CODE           	1F1C	0000	11
		_IOCAF4_SetInterruptHandler		CODE           	1EC9	0000	8

mcc_generated_files/pin_manager.c estimated size: 103

C:\Program Files\Microchip\xc8\v2.46\pic\sources\c99\common\memset.c
		_memset        		CODE           	10CC	0000	22

C:\Program Files\Microchip\xc8\v2.46\pic\sources\c99\common\memset.c estimated size: 22

usb/usb_device.c
		_USBCtrlTrfInHandler		CODE           	0B77	0000	123
		_USBTransferOnePacket		CODE           	0CF0	0000	128
		_USBDeviceAttach		CODE           	1112	0000	25
		_USBStdGetDscHandler		CODE           	0AFE	0000	121
		_USBCtrlEPAllowDataStage		CODE           	1799	0000	103
		_USBStdFeatureReqHandler		CODE           	01D3	0000	288
		_USBCtrlEPAllowStatusStage		CODE           	0A8C	0000	114
		_USBCtrlTrfSetupHandler		CODE           	1582	0000	73
		_USBCtrlTrfOutHandler		CODE           	13FB	0000	58
		_USBCtrlEPServiceComplete		CODE           	0D70	0000	142
		_USBSuspend    		CODE           	10FA	0000	24
		_USBStdSetCfgHandler		CODE           	0A20	0000	108
		_USBStdGetStatusHandler		CODE           	161B	0000	85
		_USBWakeFromSuspend		CODE           	11E9	0000	29
		_USBCtrlTrfRxService		CODE           	0F4D	0000	179
		_USBCtrlTrfTxService		CODE           	1734	0000	101
		_USBEnableEndpoint		CODE           	1244	0000	32
		_USBConfigureEndpoint		CODE           	1472	0000	63
		_USBDeviceInit 		CODE           	0EA1	0000	172
		_USBIncrement1msInternalTimers		CODE           	0800	0000	23
		_USBCtrlEPService		CODE           	153B	0000	71
		_USBStallHandler		CODE           	12A4	0000	34
		_USBDeviceTasks		CODE           	06EB	0000	211
		_USBCheckStdRequest		CODE           	094E	0000	105

usb/usb_device.c estimated size: 2412

app_device_keyboard.c
		_APP_KeyboardProcessOutputReport		CODE           	1F27	0000	11
		_APP_KeyboardUpdateState		CODE           	0088	0000	331
		_APP_KeyboardInit		CODE           	15CB	0000	80
		_USBHIDCBSetIdleRateHandler		CODE           	1F6F	0000	13
		_USBHIDCBSetReportHandler		CODE           	1F7C	0000	13
		_APP_KeyboardTasks		CODE           	02F3	0000	272
		_USBHIDCBSetReportComplete		CODE           	1EBB	0000	7

app_device_keyboard.c estimated size: 727

shared
		_configDescriptor1		STRCODE        	1873	0000	41
		_USB_CD_Ptr    		STRCODE        	18D4	0000	2
		_sd001         		STRCODE        	183F	0000	52
		i1_GenericQueue_IsFull		CODE           	1FEC	0000	20
		_sd002         		STRCODE        	189C	0000	28
		i1_USBDeviceInit		CODE           	0DFE	0000	163
		i1___wmul      		CODE           	1145	0000	27
		__initialization		CODE           	003F	0000	69
		i1___awmod     		CODE           	14B1	0000	69
		_device_dsc    		STRCODE        	18B8	0000	18
		i1_GenericQueue_Enqueue		CODE           	087E	0000	104
		_ps2UsbMap     		STRCODE        	1000	0000	132
		_USB_SD_Ptr    		STRCODE        	18CA	0000	6
		_hid_rpt01     		STRCODE        	1800	0000	63
		i1_memset      		CODE           	10B6	0000	22
		i1_GenericQueue_Init		CODE           	1264	0000	32
		_sd000         		STRCODE        	18D0	0000	4
		_ps2ExtUsbMap  		STRCODE        	0403	0000	255
		i1_memcpy      		CODE           	130E	0000	38
		i1_USBTransferOnePacket		CODE           	0C70	0000	128
		i1_PS2Keyboard_SendCommand		CODE           	112B	0000	26
		i1_APP_KeyboardProcessOutputReport		CODE           	1F12	0000	10

shared estimated size: 1309

C:\Program Files\Microchip\xc8\v2.46\pic\sources\c99\common\Umul16.c
		___wmul        		CODE           	1160	0000	27

C:\Program Files\Microchip\xc8\v2.46\pic\sources\c99\common\Umul16.c estimated size: 27

usb/usb_events.c
		_USER_USB_CALLBACK_EVENT_HANDLER		CODE           	1435	0000	61

usb/usb_events.c estimated size: 61

mcc_generated_files/mcc.c
		_WDT_Initialize		CODE           	1EAB	0000	3
		_OSCILLATOR_Initialize		CODE           	1F89	0000	13
		_SYSTEM_Initialize		CODE           	10A1	0000	21

mcc_generated_files/mcc.c estimated size: 37

C:\Program Files\Microchip\xc8\v2.46\pic\sources\c99\common\memcmp.c
		_memcmp        		CODE           	138A	0000	55

C:\Program Files\Microchip\xc8\v2.46\pic\sources\c99\common\memcmp.c estimated size: 55

C:\Program Files\Microchip\xc8\v2.46\pic\sources\c99\common\memcpy.c
		_memcpy        		CODE           	1334	0000	38

C:\Program Files\Microchip\xc8\v2.46\pic\sources\c99\common\memcpy.c estimated size: 38

C:\Program Files\Microchip\xc8\v2.46\pic\sources\c99\common\awmod.c
		___awmod       		CODE           	14F6	0000	69

C:\Program Files\Microchip\xc8\v2.46\pic\sources\c99\common\awmod.c estimated size: 69

ps2usb.c
		_PS2USB_ScanCodeToUSBHID		CODE           	1225	0000	31

ps2usb.c estimated size: 31

mcc_generated_files/eusart.c
		_EUSART_SetRxInterruptHandler		CODE           	1EF1	0000	8
		_EUSART_SetTxInterruptHandler		CODE           	1EF9	0000	8
		_EUSART_DefaultOverrunErrorHandler		CODE           	1EB1	0000	4
		_EUSART_Write  		CODE           	12C6	0000	35
		_EUSART_DefaultErrorHandler		CODE           	1EA5	0000	3
		_EUSART_Transmit_ISR		CODE           	1206	0000	31
		_EUSART_Initialize		CODE           	07BE	0000	65
		_EUSART_SetFramingErrorHandler		CODE           	1EE1	0000	8
		_EUSART_SetErrorHandler		CODE           	1ED9	0000	8
		_EUSART_SetOverrunErrorHandler		CODE           	1EE9	0000	8
		_EUSART_Receive_ISR		CODE           	13C1	0000	58
		_EUSART_RxDataHandler		CODE           	10E2	0000	24
		_EUSART_DefaultFramingErrorHandler		CODE           	1EA4	0000	1
		_EUSART_is_tx_ready		CODE           	1EC2	0000	7

mcc_generated_files/eusart.c estimated size: 268

main.c
		_main          		CODE           	0817	0000	103

main.c estimated size: 103

